Archive member included to satisfy reference by file (symbol)

e:/program files/stm32cubemx/gcc-arm-none-eabi-10.3-2021.10/bin/../lib/gcc/arm-none-eabi/10.3.1/../../../../arm-none-eabi/lib/thumb/v7-m/nofp\libg.a(lib_a-errno.o)
                              CMakeFiles/Firmware.elf.dir/Core/Src/syscalls.c.obj (__errno)
e:/program files/stm32cubemx/gcc-arm-none-eabi-10.3-2021.10/bin/../lib/gcc/arm-none-eabi/10.3.1/../../../../arm-none-eabi/lib/thumb/v7-m/nofp\libg.a(lib_a-exit.o)
                              e:/program files/stm32cubemx/gcc-arm-none-eabi-10.3-2021.10/bin/../lib/gcc/arm-none-eabi/10.3.1/../../../../arm-none-eabi/lib/thumb/v7-m/nofp/crt0.o (exit)
e:/program files/stm32cubemx/gcc-arm-none-eabi-10.3-2021.10/bin/../lib/gcc/arm-none-eabi/10.3.1/../../../../arm-none-eabi/lib/thumb/v7-m/nofp\libg.a(lib_a-impure.o)
                              e:/program files/stm32cubemx/gcc-arm-none-eabi-10.3-2021.10/bin/../lib/gcc/arm-none-eabi/10.3.1/../../../../arm-none-eabi/lib/thumb/v7-m/nofp\libg.a(lib_a-exit.o) (_global_impure_ptr)
e:/program files/stm32cubemx/gcc-arm-none-eabi-10.3-2021.10/bin/../lib/gcc/arm-none-eabi/10.3.1/../../../../arm-none-eabi/lib/thumb/v7-m/nofp\libg.a(lib_a-init.o)
                              e:/program files/stm32cubemx/gcc-arm-none-eabi-10.3-2021.10/bin/../lib/gcc/arm-none-eabi/10.3.1/../../../../arm-none-eabi/lib/thumb/v7-m/nofp/crt0.o (__libc_init_array)
e:/program files/stm32cubemx/gcc-arm-none-eabi-10.3-2021.10/bin/../lib/gcc/arm-none-eabi/10.3.1/../../../../arm-none-eabi/lib/thumb/v7-m/nofp\libg.a(lib_a-memcpy.o)
                              CMakeFiles/Firmware.elf.dir/Middlewares/Third_Party/FreeRTOS/Source/CMSIS_RTOS_V2/cmsis_os2.c.obj (memcpy)
e:/program files/stm32cubemx/gcc-arm-none-eabi-10.3-2021.10/bin/../lib/gcc/arm-none-eabi/10.3.1/../../../../arm-none-eabi/lib/thumb/v7-m/nofp\libg.a(lib_a-memset.o)
                              e:/program files/stm32cubemx/gcc-arm-none-eabi-10.3-2021.10/bin/../lib/gcc/arm-none-eabi/10.3.1/../../../../arm-none-eabi/lib/thumb/v7-m/nofp/crt0.o (memset)
e:/program files/stm32cubemx/gcc-arm-none-eabi-10.3-2021.10/bin/../lib/gcc/arm-none-eabi/10.3.1/../../../../arm-none-eabi/lib/thumb/v7-m/nofp\libg.a(lib_a-strlen-stub.o)
                              CMakeFiles/Firmware.elf.dir/Display/oled.c.obj (strlen)
e:/program files/stm32cubemx/gcc-arm-none-eabi-10.3-2021.10/bin/../lib/gcc/arm-none-eabi/10.3.1/../../../../arm-none-eabi/lib/thumb/v7-m/nofp\libg.a(lib_a-__call_atexit.o)
                              e:/program files/stm32cubemx/gcc-arm-none-eabi-10.3-2021.10/bin/../lib/gcc/arm-none-eabi/10.3.1/../../../../arm-none-eabi/lib/thumb/v7-m/nofp\libg.a(lib_a-exit.o) (__call_exitprocs)
e:/program files/stm32cubemx/gcc-arm-none-eabi-10.3-2021.10/bin/../lib/gcc/arm-none-eabi/10.3.1/../../../../arm-none-eabi/lib/thumb/v7-m/nofp\libg.a(lib_a-atexit.o)
                              e:/program files/stm32cubemx/gcc-arm-none-eabi-10.3-2021.10/bin/../lib/gcc/arm-none-eabi/10.3.1/../../../../arm-none-eabi/lib/thumb/v7-m/nofp\libg.a(lib_a-__call_atexit.o) (atexit)
e:/program files/stm32cubemx/gcc-arm-none-eabi-10.3-2021.10/bin/../lib/gcc/arm-none-eabi/10.3.1/../../../../arm-none-eabi/lib/thumb/v7-m/nofp\libg.a(lib_a-fini.o)
                              e:/program files/stm32cubemx/gcc-arm-none-eabi-10.3-2021.10/bin/../lib/gcc/arm-none-eabi/10.3.1/../../../../arm-none-eabi/lib/thumb/v7-m/nofp\libg.a(lib_a-__call_atexit.o) (__libc_fini_array)
e:/program files/stm32cubemx/gcc-arm-none-eabi-10.3-2021.10/bin/../lib/gcc/arm-none-eabi/10.3.1/../../../../arm-none-eabi/lib/thumb/v7-m/nofp\libg.a(lib_a-lock.o)
                              e:/program files/stm32cubemx/gcc-arm-none-eabi-10.3-2021.10/bin/../lib/gcc/arm-none-eabi/10.3.1/../../../../arm-none-eabi/lib/thumb/v7-m/nofp\libg.a(lib_a-__call_atexit.o) (__retarget_lock_acquire_recursive)
e:/program files/stm32cubemx/gcc-arm-none-eabi-10.3-2021.10/bin/../lib/gcc/arm-none-eabi/10.3.1/../../../../arm-none-eabi/lib/thumb/v7-m/nofp\libg.a(lib_a-__atexit.o)
                              e:/program files/stm32cubemx/gcc-arm-none-eabi-10.3-2021.10/bin/../lib/gcc/arm-none-eabi/10.3.1/../../../../arm-none-eabi/lib/thumb/v7-m/nofp\libg.a(lib_a-atexit.o) (__register_exitproc)

Discarded input sections

 .text          0x00000000        0x0 e:/program files/stm32cubemx/gcc-arm-none-eabi-10.3-2021.10/bin/../lib/gcc/arm-none-eabi/10.3.1/thumb/v7-m/nofp/crti.o
 .data          0x00000000        0x0 e:/program files/stm32cubemx/gcc-arm-none-eabi-10.3-2021.10/bin/../lib/gcc/arm-none-eabi/10.3.1/thumb/v7-m/nofp/crti.o
 .bss           0x00000000        0x0 e:/program files/stm32cubemx/gcc-arm-none-eabi-10.3-2021.10/bin/../lib/gcc/arm-none-eabi/10.3.1/thumb/v7-m/nofp/crti.o
 .data          0x00000000        0x4 e:/program files/stm32cubemx/gcc-arm-none-eabi-10.3-2021.10/bin/../lib/gcc/arm-none-eabi/10.3.1/thumb/v7-m/nofp/crtbegin.o
[...]
Memory Configuration

Name             Origin             Length             Attributes
RAM              0x20000000         0x00005000         xrw
FLASH            0x08000000         0x00010000         xr
*default*        0x00000000         0xffffffff

Linker script and memory map

LOAD e:/program files/stm32cubemx/gcc-arm-none-eabi-10.3-2021.10/bin/../lib/gcc/arm-none-eabi/10.3.1/thumb/v7-m/nofp/crti.o
LOAD e:/program files/stm32cubemx/gcc-arm-none-eabi-10.3-2021.10/bin/../lib/gcc/arm-none-eabi/10.3.1/thumb/v7-m/nofp/crtbegin.o
LOAD e:/program files/stm32cubemx/gcc-arm-none-eabi-10.3-2021.10/bin/../lib/gcc/arm-none-eabi/10.3.1/../../../../arm-none-eabi/lib/thumb/v7-m/nofp/crt0.o
LOAD CMakeFiles/Firmware.elf.dir/APP/Driver.c.obj
LOAD CMakeFiles/Firmware.elf.dir/APP/GUI.c.obj
LOAD CMakeFiles/Firmware.elf.dir/Core/Src/freertos.c.obj
LOAD CMakeFiles/Firmware.elf.dir/Core/Src/gpio.c.obj
LOAD CMakeFiles/Firmware.elf.dir/Core/Src/i2c.c.obj
LOAD CMakeFiles/Firmware.elf.dir/Core/Src/main.c.obj
LOAD CMakeFiles/Firmware.elf.dir/Core/Src/stm32f1xx_hal_msp.c.obj
LOAD CMakeFiles/Firmware.elf.dir/Core/Src/stm32f1xx_it.c.obj
LOAD CMakeFiles/Firmware.elf.dir/Core/Src/syscalls.c.obj
LOAD CMakeFiles/Firmware.elf.dir/Core/Src/system_stm32f1xx.c.obj
LOAD CMakeFiles/Firmware.elf.dir/Core/Src/tim.c.obj
LOAD CMakeFiles/Firmware.elf.dir/Core/Src/usart.c.obj
LOAD CMakeFiles/Firmware.elf.dir/Display/font.c.obj
LOAD CMakeFiles/Firmware.elf.dir/Display/oled.c.obj
LOAD CMakeFiles/Firmware.elf.dir/Drivers/STM32F1xx_HAL_Driver/Src/stm32f1xx_hal.c.obj
LOAD CMakeFiles/Firmware.elf.dir/Drivers/STM32F1xx_HAL_Driver/Src/stm32f1xx_hal_cortex.c.obj
LOAD CMakeFiles/Firmware.elf.dir/Drivers/STM32F1xx_HAL_Driver/Src/stm32f1xx_hal_dma.c.obj
LOAD CMakeFiles/Firmware.elf.dir/Drivers/STM32F1xx_HAL_Driver/Src/stm32f1xx_hal_exti.c.obj
LOAD CMakeFiles/Firmware.elf.dir/Drivers/STM32F1xx_HAL_Driver/Src/stm32f1xx_hal_flash.c.obj
LOAD CMakeFiles/Firmware.elf.dir/Drivers/STM32F1xx_HAL_Driver/Src/stm32f1xx_hal_flash_ex.c.obj
LOAD CMakeFiles/Firmware.elf.dir/Drivers/STM32F1xx_HAL_Driver/Src/stm32f1xx_hal_gpio.c.obj
LOAD CMakeFiles/Firmware.elf.dir/Drivers/STM32F1xx_HAL_Driver/Src/stm32f1xx_hal_gpio_ex.c.obj
LOAD CMakeFiles/Firmware.elf.dir/Drivers/STM32F1xx_HAL_Driver/Src/stm32f1xx_hal_i2c.c.obj
LOAD CMakeFiles/Firmware.elf.dir/Drivers/STM32F1xx_HAL_Driver/Src/stm32f1xx_hal_pwr.c.obj
LOAD CMakeFiles/Firmware.elf.dir/Drivers/STM32F1xx_HAL_Driver/Src/stm32f1xx_hal_rcc.c.obj
LOAD CMakeFiles/Firmware.elf.dir/Drivers/STM32F1xx_HAL_Driver/Src/stm32f1xx_hal_rcc_ex.c.obj
LOAD CMakeFiles/Firmware.elf.dir/Drivers/STM32F1xx_HAL_Driver/Src/stm32f1xx_hal_tim.c.obj
LOAD CMakeFiles/Firmware.elf.dir/Drivers/STM32F1xx_HAL_Driver/Src/stm32f1xx_hal_tim_ex.c.obj
LOAD CMakeFiles/Firmware.elf.dir/Drivers/STM32F1xx_HAL_Driver/Src/stm32f1xx_hal_uart.c.obj
LOAD CMakeFiles/Firmware.elf.dir/Middlewares/Third_Party/FreeRTOS/Source/CMSIS_RTOS_V2/cmsis_os2.c.obj
LOAD CMakeFiles/Firmware.elf.dir/Middlewares/Third_Party/FreeRTOS/Source/croutine.c.obj
LOAD CMakeFiles/Firmware.elf.dir/Middlewares/Third_Party/FreeRTOS/Source/event_groups.c.obj
LOAD CMakeFiles/Firmware.elf.dir/Middlewares/Third_Party/FreeRTOS/Source/list.c.obj
LOAD CMakeFiles/Firmware.elf.dir/Middlewares/Third_Party/FreeRTOS/Source/portable/GCC/ARM_CM3/port.c.obj
LOAD CMakeFiles/Firmware.elf.dir/Middlewares/Third_Party/FreeRTOS/Source/portable/MemMang/heap_4.c.obj
LOAD CMakeFiles/Firmware.elf.dir/Middlewares/Third_Party/FreeRTOS/Source/queue.c.obj
LOAD CMakeFiles/Firmware.elf.dir/Middlewares/Third_Party/FreeRTOS/Source/stream_buffer.c.obj
LOAD CMakeFiles/Firmware.elf.dir/Middlewares/Third_Party/FreeRTOS/Source/tasks.c.obj
LOAD CMakeFiles/Firmware.elf.dir/Middlewares/Third_Party/FreeRTOS/Source/timers.c.obj
LOAD CMakeFiles/Firmware.elf.dir/startup/startup_stm32f103xb.s.obj
START GROUP
LOAD e:/program files/stm32cubemx/gcc-arm-none-eabi-10.3-2021.10/bin/../lib/gcc/arm-none-eabi/10.3.1/thumb/v7-m/nofp\libgcc.a
LOAD e:/program files/stm32cubemx/gcc-arm-none-eabi-10.3-2021.10/bin/../lib/gcc/arm-none-eabi/10.3.1/../../../../arm-none-eabi/lib/thumb/v7-m/nofp\libg.a
LOAD e:/program files/stm32cubemx/gcc-arm-none-eabi-10.3-2021.10/bin/../lib/gcc/arm-none-eabi/10.3.1/../../../../arm-none-eabi/lib/thumb/v7-m/nofp\libc.a
END GROUP
LOAD e:/program files/stm32cubemx/gcc-arm-none-eabi-10.3-2021.10/bin/../lib/gcc/arm-none-eabi/10.3.1/thumb/v7-m/nofp/crtend.o
LOAD e:/program files/stm32cubemx/gcc-arm-none-eabi-10.3-2021.10/bin/../lib/gcc/arm-none-eabi/10.3.1/thumb/v7-m/nofp/crtn.o
                0x20005000                _estack = (ORIGIN (RAM) + LENGTH (RAM))
                0x00000200                _Min_Heap_Size = 0x200
                0x00000400                _Min_Stack_Size = 0x400

.isr_vector     0x08000000      0x10c
                0x08000000                . = ALIGN (0x4)
 *(.isr_vector)
 .isr_vector    0x08000000      0x10c CMakeFiles/Firmware.elf.dir/startup/startup_stm32f103xb.s.obj
                0x08000000                g_pfnVectors
                0x0800010c                . = ALIGN (0x4)

.text           0x08000110     0x43c0
                0x08000110                . = ALIGN (0x4)
 *(.text)
 .text          0x08000110       0x40 e:/program files/stm32cubemx/gcc-arm-none-eabi-10.3-2021.10/bin/../lib/gcc/arm-none-eabi/10.3.1/thumb/v7-m/nofp/crtbegin.o
 .text          0x08000150       0xec e:/program files/stm32cubemx/gcc-arm-none-eabi-10.3-2021.10/bin/../lib/gcc/arm-none-eabi/10.3.1/../../../../arm-none-eabi/lib/thumb/v7-m/nofp\libg.a(lib_a-memcpy.o)
                0x08000150                memcpy
 *(.text*)
 .text.Driver_DeInit
                0x0800023c       0x14 CMakeFiles/Firmware.elf.dir/APP/Driver.c.obj
                0x0800023c                Driver_DeInit
 .text.HAL_TIM_PWM_PulseFinishedCallback
                0x08000250       0x30 CMakeFiles/Firmware.elf.dir/APP/Driver.c.obj
                0x08000250                HAL_TIM_PWM_PulseFinishedCallback
 .text.show_GUI
                0x08000280       0x2c CMakeFiles/Firmware.elf.dir/APP/GUI.c.obj
                0x08000280                show_GUI
 .text.StartDefaultTask
                0x080002ac       0x30 CMakeFiles/Firmware.elf.dir/Core/Src/freertos.c.obj
                0x080002ac                StartDefaultTask
 .text.StartTaskButton
                0x080002dc        0xa CMakeFiles/Firmware.elf.dir/Core/Src/freertos.c.obj
                0x080002dc                StartTaskButton
 .text.StartTaskDisplay
                0x080002e6        0xe CMakeFiles/Firmware.elf.dir/Core/Src/freertos.c.obj
                0x080002e6                StartTaskDisplay
 .text.MX_FREERTOS_Init
                0x080002f4       0x54 CMakeFiles/Firmware.elf.dir/Core/Src/freertos.c.obj
                0x080002f4                MX_FREERTOS_Init
 .text.MX_GPIO_Init
                0x08000348       0x84 CMakeFiles/Firmware.elf.dir/Core/Src/gpio.c.obj
                0x08000348                MX_GPIO_Init
 .text.MX_I2C2_Init
                0x080003cc       0x3c CMakeFiles/Firmware.elf.dir/Core/Src/i2c.c.obj
                0x080003cc                MX_I2C2_Init
 .text.HAL_I2C_MspInit
                0x08000408       0x64 CMakeFiles/Firmware.elf.dir/Core/Src/i2c.c.obj
                0x08000408                HAL_I2C_MspInit
 .text.Error_Handler
                0x0800046c        0x4 CMakeFiles/Firmware.elf.dir/Core/Src/main.c.obj
                0x0800046c                Error_Handler
 .text.SystemClock_Config
                0x08000470       0x68 CMakeFiles/Firmware.elf.dir/Core/Src/main.c.obj
                0x08000470                SystemClock_Config
 .text.main     0x080004d8       0x2c CMakeFiles/Firmware.elf.dir/Core/Src/main.c.obj
                0x080004d8                main
 .text.HAL_MspInit
                0x08000504       0x54 CMakeFiles/Firmware.elf.dir/Core/Src/stm32f1xx_hal_msp.c.obj
                0x08000504                HAL_MspInit
 .text.NMI_Handler
                0x08000558        0x2 CMakeFiles/Firmware.elf.dir/Core/Src/stm32f1xx_it.c.obj
                0x08000558                NMI_Handler
 .text.HardFault_Handler
                0x0800055a        0x2 CMakeFiles/Firmware.elf.dir/Core/Src/stm32f1xx_it.c.obj
                0x0800055a                HardFault_Handler
 .text.MemManage_Handler
                0x0800055c        0x2 CMakeFiles/Firmware.elf.dir/Core/Src/stm32f1xx_it.c.obj
                0x0800055c                MemManage_Handler
 .text.BusFault_Handler
                0x0800055e        0x2 CMakeFiles/Firmware.elf.dir/Core/Src/stm32f1xx_it.c.obj
                0x0800055e                BusFault_Handler
 .text.UsageFault_Handler
                0x08000560        0x2 CMakeFiles/Firmware.elf.dir/Core/Src/stm32f1xx_it.c.obj
                0x08000560                UsageFault_Handler
 .text.DebugMon_Handler
                0x08000562        0x2 CMakeFiles/Firmware.elf.dir/Core/Src/stm32f1xx_it.c.obj
                0x08000562                DebugMon_Handler
 .text.SysTick_Handler
                0x08000564       0x16 CMakeFiles/Firmware.elf.dir/Core/Src/stm32f1xx_it.c.obj
                0x08000564                SysTick_Handler
 *fill*         0x0800057a        0x2 
 .text.TIM3_IRQHandler
                0x0800057c       0x10 CMakeFiles/Firmware.elf.dir/Core/Src/stm32f1xx_it.c.obj
                0x0800057c                TIM3_IRQHandler
 .text.SystemInit
                0x0800058c        0x2 CMakeFiles/Firmware.elf.dir/Core/Src/system_stm32f1xx.c.obj
                0x0800058c                SystemInit
 *fill*         0x0800058e        0x2 
 .text.HAL_TIM_Base_MspInit
                0x08000590       0x40 CMakeFiles/Firmware.elf.dir/Core/Src/tim.c.obj
                0x08000590                HAL_TIM_Base_MspInit
 .text.HAL_TIM_MspPostInit
                0x080005d0       0x4c CMakeFiles/Firmware.elf.dir/Core/Src/tim.c.obj
                0x080005d0                HAL_TIM_MspPostInit
 .text.MX_TIM3_Init
                0x0800061c       0xb0 CMakeFiles/Firmware.elf.dir/Core/Src/tim.c.obj
                0x0800061c                MX_TIM3_Init
 .text.MX_USART1_UART_Init
                0x080006cc       0x34 CMakeFiles/Firmware.elf.dir/Core/Src/usart.c.obj
                0x080006cc                MX_USART1_UART_Init
 .text.MX_USART2_UART_Init
                0x08000700       0x34 CMakeFiles/Firmware.elf.dir/Core/Src/usart.c.obj
                0x08000700                MX_USART2_UART_Init
 .text.HAL_UART_MspInit
                0x08000734       0xd4 CMakeFiles/Firmware.elf.dir/Core/Src/usart.c.obj
                0x08000734                HAL_UART_MspInit
 .text.Get_Font_Data
                0x08000808       0x3c CMakeFiles/Firmware.elf.dir/Display/font.c.obj
                0x08000808                Get_Font_Data
 .text.I2C_OLED_Write_Cmd
                0x08000844       0x2c CMakeFiles/Firmware.elf.dir/Display/oled.c.obj
 .text.I2C_OLED_Write_Data
                0x08000870       0x24 CMakeFiles/Firmware.elf.dir/Display/oled.c.obj
 .text.OLED_Delay
                0x08000894        0x8 CMakeFiles/Firmware.elf.dir/Display/oled.c.obj
                0x08000894                OLED_Delay
 .text.I2C_OLED_ColorTurn
                0x0800089c       0x1a CMakeFiles/Firmware.elf.dir/Display/oled.c.obj
                0x0800089c                I2C_OLED_ColorTurn
 .text.I2C_OLED_DisplayTurn
                0x080008b6       0x26 CMakeFiles/Firmware.elf.dir/Display/oled.c.obj
                0x080008b6                I2C_OLED_DisplayTurn
 .text.I2C_OLED_Init
                0x080008dc       0xd0 CMakeFiles/Firmware.elf.dir/Display/oled.c.obj
                0x080008dc                I2C_OLED_Init
 .text.I2C_OLED_Point
                0x080009ac       0x3c CMakeFiles/Firmware.elf.dir/Display/oled.c.obj
                0x080009ac                I2C_OLED_Point
 .text.I2C_OLED_UPdata
                0x080009e8       0x38 CMakeFiles/Firmware.elf.dir/Display/oled.c.obj
                0x080009e8                I2C_OLED_UPdata
 .text.OLED_DecodeFont
                0x08000a20       0x84 CMakeFiles/Firmware.elf.dir/Display/oled.c.obj
                0x08000a20                OLED_DecodeFont
 .text.OLED_DrawMultiChar
                0x08000aa4       0x70 CMakeFiles/Firmware.elf.dir/Display/oled.c.obj
                0x08000aa4                OLED_DrawMultiChar
 .text.OLED_DrawString
                0x08000b14       0x1c CMakeFiles/Firmware.elf.dir/Display/oled.c.obj
                0x08000b14                OLED_DrawString
 .text.OLED_ShowString
                0x08000b30        0xc CMakeFiles/Firmware.elf.dir/Display/oled.c.obj
                0x08000b30                OLED_ShowString
 .text.OLED_DrawLine
                0x08000b3c       0xa4 CMakeFiles/Firmware.elf.dir/Display/oled.c.obj
                0x08000b3c                OLED_DrawLine
 .text.OLED_DrawRectangle
                0x08000be0       0x7a CMakeFiles/Firmware.elf.dir/Display/oled.c.obj
                0x08000be0                OLED_DrawRectangle
 *fill*         0x08000c5a        0x2 
 .text.HAL_InitTick
                0x08000c5c       0x4c CMakeFiles/Firmware.elf.dir/Drivers/STM32F1xx_HAL_Driver/Src/stm32f1xx_hal.c.obj
                0x08000c5c                HAL_InitTick
 .text.HAL_Init
                0x08000ca8       0x24 CMakeFiles/Firmware.elf.dir/Drivers/STM32F1xx_HAL_Driver/Src/stm32f1xx_hal.c.obj
                0x08000ca8                HAL_Init
 .text.HAL_IncTick
                0x08000ccc       0x18 CMakeFiles/Firmware.elf.dir/Drivers/STM32F1xx_HAL_Driver/Src/stm32f1xx_hal.c.obj
                0x08000ccc                HAL_IncTick
 .text.HAL_GetTick
                0x08000ce4        0xc CMakeFiles/Firmware.elf.dir/Drivers/STM32F1xx_HAL_Driver/Src/stm32f1xx_hal.c.obj
                0x08000ce4                HAL_GetTick
 .text.HAL_Delay
                0x08000cf0       0x28 CMakeFiles/Firmware.elf.dir/Drivers/STM32F1xx_HAL_Driver/Src/stm32f1xx_hal.c.obj
                0x08000cf0                HAL_Delay
 .text.HAL_NVIC_SetPriorityGrouping
                0x08000d18       0x24 CMakeFiles/Firmware.elf.dir/Drivers/STM32F1xx_HAL_Driver/Src/stm32f1xx_hal_cortex.c.obj
                0x08000d18                HAL_NVIC_SetPriorityGrouping
 .text.HAL_NVIC_SetPriority
                0x08000d3c       0x70 CMakeFiles/Firmware.elf.dir/Drivers/STM32F1xx_HAL_Driver/Src/stm32f1xx_hal_cortex.c.obj
                0x08000d3c                HAL_NVIC_SetPriority
 .text.HAL_NVIC_EnableIRQ
                0x08000dac       0x1c CMakeFiles/Firmware.elf.dir/Drivers/STM32F1xx_HAL_Driver/Src/stm32f1xx_hal_cortex.c.obj
                0x08000dac                HAL_NVIC_EnableIRQ
 .text.HAL_SYSTICK_Config
                0x08000dc8       0x28 CMakeFiles/Firmware.elf.dir/Drivers/STM32F1xx_HAL_Driver/Src/stm32f1xx_hal_cortex.c.obj
                0x08000dc8                HAL_SYSTICK_Config
 .text.HAL_GPIO_Init
                0x08000df0      0x224 CMakeFiles/Firmware.elf.dir/Drivers/STM32F1xx_HAL_Driver/Src/stm32f1xx_hal_gpio.c.obj
                0x08000df0                HAL_GPIO_Init
 .text.HAL_GPIO_WritePin
                0x08001014        0xc CMakeFiles/Firmware.elf.dir/Drivers/STM32F1xx_HAL_Driver/Src/stm32f1xx_hal_gpio.c.obj
                0x08001014                HAL_GPIO_WritePin
 .text.I2C_IsAcknowledgeFailed
                0x08001020       0x32 CMakeFiles/Firmware.elf.dir/Drivers/STM32F1xx_HAL_Driver/Src/stm32f1xx_hal_i2c.c.obj
 .text.I2C_WaitOnFlagUntilTimeout
                0x08001052       0xaa CMakeFiles/Firmware.elf.dir/Drivers/STM32F1xx_HAL_Driver/Src/stm32f1xx_hal_i2c.c.obj
 .text.I2C_WaitOnMasterAddressFlagUntilTimeout
                0x080010fc       0xd6 CMakeFiles/Firmware.elf.dir/Drivers/STM32F1xx_HAL_Driver/Src/stm32f1xx_hal_i2c.c.obj
 .text.I2C_WaitOnTXEFlagUntilTimeout
                0x080011d2       0x5e CMakeFiles/Firmware.elf.dir/Drivers/STM32F1xx_HAL_Driver/Src/stm32f1xx_hal_i2c.c.obj
 .text.I2C_RequestMemoryWrite
                0x08001230       0xd8 CMakeFiles/Firmware.elf.dir/Drivers/STM32F1xx_HAL_Driver/Src/stm32f1xx_hal_i2c.c.obj
 .text.I2C_WaitOnBTFFlagUntilTimeout
                0x08001308       0x5e CMakeFiles/Firmware.elf.dir/Drivers/STM32F1xx_HAL_Driver/Src/stm32f1xx_hal_i2c.c.obj
 *fill*         0x08001366        0x2 
 .text.HAL_I2C_Init
                0x08001368      0x1bc CMakeFiles/Firmware.elf.dir/Drivers/STM32F1xx_HAL_Driver/Src/stm32f1xx_hal_i2c.c.obj
                0x08001368                HAL_I2C_Init
 .text.HAL_I2C_Mem_Write
                0x08001524      0x164 CMakeFiles/Firmware.elf.dir/Drivers/STM32F1xx_HAL_Driver/Src/stm32f1xx_hal_i2c.c.obj
                0x08001524                HAL_I2C_Mem_Write
 .text.RCC_Delay
                0x08001688       0x2c CMakeFiles/Firmware.elf.dir/Drivers/STM32F1xx_HAL_Driver/Src/stm32f1xx_hal_rcc.c.obj
 .text.HAL_RCC_OscConfig
                0x080016b4      0x410 CMakeFiles/Firmware.elf.dir/Drivers/STM32F1xx_HAL_Driver/Src/stm32f1xx_hal_rcc.c.obj
                0x080016b4                HAL_RCC_OscConfig
 .text.HAL_RCC_GetSysClockFreq
                0x08001ac4       0x60 CMakeFiles/Firmware.elf.dir/Drivers/STM32F1xx_HAL_Driver/Src/stm32f1xx_hal_rcc.c.obj
                0x08001ac4                HAL_RCC_GetSysClockFreq
 .text.HAL_RCC_ClockConfig
                0x08001b24      0x16c CMakeFiles/Firmware.elf.dir/Drivers/STM32F1xx_HAL_Driver/Src/stm32f1xx_hal_rcc.c.obj
                0x08001b24                HAL_RCC_ClockConfig
 .text.HAL_RCC_GetHCLKFreq
                0x08001c90        0xc CMakeFiles/Firmware.elf.dir/Drivers/STM32F1xx_HAL_Driver/Src/stm32f1xx_hal_rcc.c.obj
                0x08001c90                HAL_RCC_GetHCLKFreq
 .text.HAL_RCC_GetPCLK1Freq
                0x08001c9c       0x20 CMakeFiles/Firmware.elf.dir/Drivers/STM32F1xx_HAL_Driver/Src/stm32f1xx_hal_rcc.c.obj
                0x08001c9c                HAL_RCC_GetPCLK1Freq
 .text.HAL_RCC_GetPCLK2Freq
                0x08001cbc       0x20 CMakeFiles/Firmware.elf.dir/Drivers/STM32F1xx_HAL_Driver/Src/stm32f1xx_hal_rcc.c.obj
                0x08001cbc                HAL_RCC_GetPCLK2Freq
 .text.TIM_OC1_SetConfig
                0x08001cdc       0x5c CMakeFiles/Firmware.elf.dir/Drivers/STM32F1xx_HAL_Driver/Src/stm32f1xx_hal_tim.c.obj
 .text.TIM_OC3_SetConfig
                0x08001d38       0x64 CMakeFiles/Firmware.elf.dir/Drivers/STM32F1xx_HAL_Driver/Src/stm32f1xx_hal_tim.c.obj
 .text.TIM_OC4_SetConfig
                0x08001d9c       0x48 CMakeFiles/Firmware.elf.dir/Drivers/STM32F1xx_HAL_Driver/Src/stm32f1xx_hal_tim.c.obj
 .text.TIM_TI1_ConfigInputStage
                0x08001de4       0x24 CMakeFiles/Firmware.elf.dir/Drivers/STM32F1xx_HAL_Driver/Src/stm32f1xx_hal_tim.c.obj
 .text.TIM_TI2_ConfigInputStage
                0x08001e08       0x26 CMakeFiles/Firmware.elf.dir/Drivers/STM32F1xx_HAL_Driver/Src/stm32f1xx_hal_tim.c.obj
 .text.TIM_ITRx_SetConfig
                0x08001e2e       0x10 CMakeFiles/Firmware.elf.dir/Drivers/STM32F1xx_HAL_Driver/Src/stm32f1xx_hal_tim.c.obj
 .text.HAL_TIM_PWM_MspInit
                0x08001e3e        0x2 CMakeFiles/Firmware.elf.dir/Drivers/STM32F1xx_HAL_Driver/Src/stm32f1xx_hal_tim.c.obj
                0x08001e3e                HAL_TIM_PWM_MspInit
 .text.HAL_TIM_PeriodElapsedCallback
                0x08001e40        0x2 CMakeFiles/Firmware.elf.dir/Drivers/STM32F1xx_HAL_Driver/Src/stm32f1xx_hal_tim.c.obj
                0x08001e40                HAL_TIM_PeriodElapsedCallback
 .text.HAL_TIM_OC_DelayElapsedCallback
                0x08001e42        0x2 CMakeFiles/Firmware.elf.dir/Drivers/STM32F1xx_HAL_Driver/Src/stm32f1xx_hal_tim.c.obj
                0x08001e42                HAL_TIM_OC_DelayElapsedCallback
 .text.HAL_TIM_IC_CaptureCallback
                0x08001e44        0x2 CMakeFiles/Firmware.elf.dir/Drivers/STM32F1xx_HAL_Driver/Src/stm32f1xx_hal_tim.c.obj
                0x08001e44                HAL_TIM_IC_CaptureCallback
 .text.HAL_TIM_TriggerCallback
                0x08001e46        0x2 CMakeFiles/Firmware.elf.dir/Drivers/STM32F1xx_HAL_Driver/Src/stm32f1xx_hal_tim.c.obj
                0x08001e46                HAL_TIM_TriggerCallback
 .text.HAL_TIM_IRQHandler
                0x08001e48      0x17a CMakeFiles/Firmware.elf.dir/Drivers/STM32F1xx_HAL_Driver/Src/stm32f1xx_hal_tim.c.obj
                0x08001e48                HAL_TIM_IRQHandler
 *fill*         0x08001fc2        0x2 
 .text.TIM_Base_SetConfig
                0x08001fc4       0x74 CMakeFiles/Firmware.elf.dir/Drivers/STM32F1xx_HAL_Driver/Src/stm32f1xx_hal_tim.c.obj
                0x08001fc4                TIM_Base_SetConfig
 .text.HAL_TIM_Base_Init
                0x08002038       0x58 CMakeFiles/Firmware.elf.dir/Drivers/STM32F1xx_HAL_Driver/Src/stm32f1xx_hal_tim.c.obj
                0x08002038                HAL_TIM_Base_Init
 .text.HAL_TIM_PWM_Init
                0x08002090       0x58 CMakeFiles/Firmware.elf.dir/Drivers/STM32F1xx_HAL_Driver/Src/stm32f1xx_hal_tim.c.obj
                0x08002090                HAL_TIM_PWM_Init
 .text.TIM_OC2_SetConfig
                0x080020e8       0x64 CMakeFiles/Firmware.elf.dir/Drivers/STM32F1xx_HAL_Driver/Src/stm32f1xx_hal_tim.c.obj
                0x080020e8                TIM_OC2_SetConfig
 .text.HAL_TIM_PWM_ConfigChannel
                0x0800214c       0xdc CMakeFiles/Firmware.elf.dir/Drivers/STM32F1xx_HAL_Driver/Src/stm32f1xx_hal_tim.c.obj
                0x0800214c                HAL_TIM_PWM_ConfigChannel
 .text.TIM_ETR_SetConfig
                0x08002228       0x18 CMakeFiles/Firmware.elf.dir/Drivers/STM32F1xx_HAL_Driver/Src/stm32f1xx_hal_tim.c.obj
                0x08002228                TIM_ETR_SetConfig
 .text.HAL_TIM_ConfigClockSource
                0x08002240       0xfe CMakeFiles/Firmware.elf.dir/Drivers/STM32F1xx_HAL_Driver/Src/stm32f1xx_hal_tim.c.obj
                0x08002240                HAL_TIM_ConfigClockSource
 .text.TIM_CCxChannelCmd
                0x0800233e       0x1e CMakeFiles/Firmware.elf.dir/Drivers/STM32F1xx_HAL_Driver/Src/stm32f1xx_hal_tim.c.obj
                0x0800233e                TIM_CCxChannelCmd
 .text.HAL_TIM_PWM_Start
                0x0800235c       0xdc CMakeFiles/Firmware.elf.dir/Drivers/STM32F1xx_HAL_Driver/Src/stm32f1xx_hal_tim.c.obj
                0x0800235c                HAL_TIM_PWM_Start
 .text.HAL_TIM_PWM_Stop
                0x08002438       0x84 CMakeFiles/Firmware.elf.dir/Drivers/STM32F1xx_HAL_Driver/Src/stm32f1xx_hal_tim.c.obj
                0x08002438                HAL_TIM_PWM_Stop
 .text.HAL_TIMEx_MasterConfigSynchronization
                0x080024bc       0x6c CMakeFiles/Firmware.elf.dir/Drivers/STM32F1xx_HAL_Driver/Src/stm32f1xx_hal_tim_ex.c.obj
                0x080024bc                HAL_TIMEx_MasterConfigSynchronization
 .text.HAL_TIMEx_CommutCallback
                0x08002528        0x2 CMakeFiles/Firmware.elf.dir/Drivers/STM32F1xx_HAL_Driver/Src/stm32f1xx_hal_tim_ex.c.obj
                0x08002528                HAL_TIMEx_CommutCallback
 .text.HAL_TIMEx_BreakCallback
                0x0800252a        0x2 CMakeFiles/Firmware.elf.dir/Drivers/STM32F1xx_HAL_Driver/Src/stm32f1xx_hal_tim_ex.c.obj
                0x0800252a                HAL_TIMEx_BreakCallback
 .text.UART_SetConfig
                0x0800252c       0x94 CMakeFiles/Firmware.elf.dir/Drivers/STM32F1xx_HAL_Driver/Src/stm32f1xx_hal_uart.c.obj
 .text.HAL_UART_Init
                0x080025c0       0x60 CMakeFiles/Firmware.elf.dir/Drivers/STM32F1xx_HAL_Driver/Src/stm32f1xx_hal_uart.c.obj
                0x080025c0                HAL_UART_Init
 .text.osKernelInitialize
                0x08002620       0x44 CMakeFiles/Firmware.elf.dir/Middlewares/Third_Party/FreeRTOS/Source/CMSIS_RTOS_V2/cmsis_os2.c.obj
                0x08002620                osKernelInitialize
 .text.osKernelStart
                0x08002664       0x4c CMakeFiles/Firmware.elf.dir/Middlewares/Third_Party/FreeRTOS/Source/CMSIS_RTOS_V2/cmsis_os2.c.obj
                0x08002664                osKernelStart
 .text.osThreadNew
                0x080026b0       0xec CMakeFiles/Firmware.elf.dir/Middlewares/Third_Party/FreeRTOS/Source/CMSIS_RTOS_V2/cmsis_os2.c.obj
                0x080026b0                osThreadNew
 .text.osDelay  0x0800279c       0x44 CMakeFiles/Firmware.elf.dir/Middlewares/Third_Party/FreeRTOS/Source/CMSIS_RTOS_V2/cmsis_os2.c.obj
                0x0800279c                osDelay
 .text.vApplicationGetIdleTaskMemory
                0x080027e0       0x18 CMakeFiles/Firmware.elf.dir/Middlewares/Third_Party/FreeRTOS/Source/CMSIS_RTOS_V2/cmsis_os2.c.obj
                0x080027e0                vApplicationGetIdleTaskMemory
 .text.vApplicationGetTimerTaskMemory
                0x080027f8       0x18 CMakeFiles/Firmware.elf.dir/Middlewares/Third_Party/FreeRTOS/Source/CMSIS_RTOS_V2/cmsis_os2.c.obj
                0x080027f8                vApplicationGetTimerTaskMemory
 .text.vListInitialise
                0x08002810       0x16 CMakeFiles/Firmware.elf.dir/Middlewares/Third_Party/FreeRTOS/Source/list.c.obj
                0x08002810                vListInitialise
 .text.vListInitialiseItem
                0x08002826        0x6 CMakeFiles/Firmware.elf.dir/Middlewares/Third_Party/FreeRTOS/Source/list.c.obj
                0x08002826                vListInitialiseItem
 .text.vListInsertEnd
                0x0800282c       0x16 CMakeFiles/Firmware.elf.dir/Middlewares/Third_Party/FreeRTOS/Source/list.c.obj
                0x0800282c                vListInsertEnd
 .text.vListInsert
                0x08002842       0x32 CMakeFiles/Firmware.elf.dir/Middlewares/Third_Party/FreeRTOS/Source/list.c.obj
                0x08002842                vListInsert
 .text.uxListRemove
                0x08002874       0x26 CMakeFiles/Firmware.elf.dir/Middlewares/Third_Party/FreeRTOS/Source/list.c.obj
                0x08002874                uxListRemove
 *fill*         0x0800289a        0x2 
 .text.prvTaskExitError
                0x0800289c       0x40 CMakeFiles/Firmware.elf.dir/Middlewares/Third_Party/FreeRTOS/Source/portable/GCC/ARM_CM3/port.c.obj
 .text.prvPortStartFirstTask
                0x080028dc       0x20 CMakeFiles/Firmware.elf.dir/Middlewares/Third_Party/FreeRTOS/Source/portable/GCC/ARM_CM3/port.c.obj
 .text.pxPortInitialiseStack
                0x080028fc       0x24 CMakeFiles/Firmware.elf.dir/Middlewares/Third_Party/FreeRTOS/Source/portable/GCC/ARM_CM3/port.c.obj
                0x080028fc                pxPortInitialiseStack
 .text.SVC_Handler
                0x08002920       0x24 CMakeFiles/Firmware.elf.dir/Middlewares/Third_Party/FreeRTOS/Source/portable/GCC/ARM_CM3/port.c.obj
                0x08002920                SVC_Handler
 .text.vPortEnterCritical
                0x08002944       0x44 CMakeFiles/Firmware.elf.dir/Middlewares/Third_Party/FreeRTOS/Source/portable/GCC/ARM_CM3/port.c.obj
                0x08002944                vPortEnterCritical
 .text.vPortExitCritical
                0x08002988       0x2c CMakeFiles/Firmware.elf.dir/Middlewares/Third_Party/FreeRTOS/Source/portable/GCC/ARM_CM3/port.c.obj
                0x08002988                vPortExitCritical
 *fill*         0x080029b4        0xc 
 .text.PendSV_Handler
                0x080029c0       0x44 CMakeFiles/Firmware.elf.dir/Middlewares/Third_Party/FreeRTOS/Source/portable/GCC/ARM_CM3/port.c.obj
                0x080029c0                PendSV_Handler
 .text.xPortSysTickHandler
                0x08002a04       0x2c CMakeFiles/Firmware.elf.dir/Middlewares/Third_Party/FreeRTOS/Source/portable/GCC/ARM_CM3/port.c.obj
                0x08002a04                xPortSysTickHandler
 .text.vPortSetupTimerInterrupt
                0x08002a30       0x28 CMakeFiles/Firmware.elf.dir/Middlewares/Third_Party/FreeRTOS/Source/portable/GCC/ARM_CM3/port.c.obj
                0x08002a30                vPortSetupTimerInterrupt
 .text.xPortStartScheduler
                0x08002a58       0xc0 CMakeFiles/Firmware.elf.dir/Middlewares/Third_Party/FreeRTOS/Source/portable/GCC/ARM_CM3/port.c.obj
                0x08002a58                xPortStartScheduler
 .text.vPortValidateInterruptPriority
                0x08002b18       0x5c CMakeFiles/Firmware.elf.dir/Middlewares/Third_Party/FreeRTOS/Source/portable/GCC/ARM_CM3/port.c.obj
                0x08002b18                vPortValidateInterruptPriority
 .text.prvHeapInit
                0x08002b74       0x64 CMakeFiles/Firmware.elf.dir/Middlewares/Third_Party/FreeRTOS/Source/portable/MemMang/heap_4.c.obj
 .text.prvInsertBlockIntoFreeList
                0x08002bd8       0x60 CMakeFiles/Firmware.elf.dir/Middlewares/Third_Party/FreeRTOS/Source/portable/MemMang/heap_4.c.obj
 .text.pvPortMalloc
                0x08002c38       0xf0 CMakeFiles/Firmware.elf.dir/Middlewares/Third_Party/FreeRTOS/Source/portable/MemMang/heap_4.c.obj
                0x08002c38                pvPortMalloc
 .text.vPortFree
                0x08002d28       0x70 CMakeFiles/Firmware.elf.dir/Middlewares/Third_Party/FreeRTOS/Source/portable/MemMang/heap_4.c.obj
                0x08002d28                vPortFree
 .text.prvIsQueueFull
                0x08002d98       0x1e CMakeFiles/Firmware.elf.dir/Middlewares/Third_Party/FreeRTOS/Source/queue.c.obj
 .text.prvIsQueueEmpty
                0x08002db6       0x1a CMakeFiles/Firmware.elf.dir/Middlewares/Third_Party/FreeRTOS/Source/queue.c.obj
 .text.prvCopyDataToQueue
                0x08002dd0       0x76 CMakeFiles/Firmware.elf.dir/Middlewares/Third_Party/FreeRTOS/Source/queue.c.obj
 .text.prvCopyDataFromQueue
                0x08002e46       0x24 CMakeFiles/Firmware.elf.dir/Middlewares/Third_Party/FreeRTOS/Source/queue.c.obj
 .text.prvUnlockQueue
                0x08002e6a       0x6e CMakeFiles/Firmware.elf.dir/Middlewares/Third_Party/FreeRTOS/Source/queue.c.obj
 .text.xQueueGenericReset
                0x08002ed8       0x84 CMakeFiles/Firmware.elf.dir/Middlewares/Third_Party/FreeRTOS/Source/queue.c.obj
                0x08002ed8                xQueueGenericReset
 .text.prvInitialiseNewQueue
                0x08002f5c       0x22 CMakeFiles/Firmware.elf.dir/Middlewares/Third_Party/FreeRTOS/Source/queue.c.obj
 .text.xQueueGenericCreateStatic
                0x08002f7e       0x92 CMakeFiles/Firmware.elf.dir/Middlewares/Third_Party/FreeRTOS/Source/queue.c.obj
                0x08002f7e                xQueueGenericCreateStatic
 .text.xQueueGenericSend
                0x08003010      0x188 CMakeFiles/Firmware.elf.dir/Middlewares/Third_Party/FreeRTOS/Source/queue.c.obj
                0x08003010                xQueueGenericSend
 .text.xQueueGenericSendFromISR
                0x08003198       0xcc CMakeFiles/Firmware.elf.dir/Middlewares/Third_Party/FreeRTOS/Source/queue.c.obj
                0x08003198                xQueueGenericSendFromISR
 .text.xQueueReceive
                0x08003264      0x15e CMakeFiles/Firmware.elf.dir/Middlewares/Third_Party/FreeRTOS/Source/queue.c.obj
                0x08003264                xQueueReceive
 *fill*         0x080033c2        0x2 
 .text.vQueueAddToRegistry
                0x080033c4       0x28 CMakeFiles/Firmware.elf.dir/Middlewares/Third_Party/FreeRTOS/Source/queue.c.obj
                0x080033c4                vQueueAddToRegistry
 .text.vQueueWaitForMessageRestricted
                0x080033ec       0x52 CMakeFiles/Firmware.elf.dir/Middlewares/Third_Party/FreeRTOS/Source/queue.c.obj
                0x080033ec                vQueueWaitForMessageRestricted
 *fill*         0x0800343e        0x2 
 .text.prvResetNextTaskUnblockTime
                0x08003440       0x2c CMakeFiles/Firmware.elf.dir/Middlewares/Third_Party/FreeRTOS/Source/tasks.c.obj
 .text.prvInitialiseNewTask
                0x0800346c       0x9c CMakeFiles/Firmware.elf.dir/Middlewares/Third_Party/FreeRTOS/Source/tasks.c.obj
 .text.prvInitialiseTaskLists
                0x08003508       0x68 CMakeFiles/Firmware.elf.dir/Middlewares/Third_Party/FreeRTOS/Source/tasks.c.obj
 .text.prvAddNewTaskToReadyList
                0x08003570       0xac CMakeFiles/Firmware.elf.dir/Middlewares/Third_Party/FreeRTOS/Source/tasks.c.obj
 .text.prvDeleteTCB
                0x0800361c       0x38 CMakeFiles/Firmware.elf.dir/Middlewares/Third_Party/FreeRTOS/Source/tasks.c.obj
 .text.prvCheckTasksWaitingTermination
                0x08003654       0x4c CMakeFiles/Firmware.elf.dir/Middlewares/Third_Party/FreeRTOS/Source/tasks.c.obj
 .text.prvIdleTask
                0x080036a0       0x28 CMakeFiles/Firmware.elf.dir/Middlewares/Third_Party/FreeRTOS/Source/tasks.c.obj
 .text.prvAddCurrentTaskToDelayedList
                0x080036c8       0x7c CMakeFiles/Firmware.elf.dir/Middlewares/Third_Party/FreeRTOS/Source/tasks.c.obj
 .text.xTaskCreateStatic
                0x08003744       0x74 CMakeFiles/Firmware.elf.dir/Middlewares/Third_Party/FreeRTOS/Source/tasks.c.obj
                0x08003744                xTaskCreateStatic
 .text.xTaskCreate
                0x080037b8       0x68 CMakeFiles/Firmware.elf.dir/Middlewares/Third_Party/FreeRTOS/Source/tasks.c.obj
                0x080037b8                xTaskCreate
 .text.vTaskStartScheduler
                0x08003820       0x9c CMakeFiles/Firmware.elf.dir/Middlewares/Third_Party/FreeRTOS/Source/tasks.c.obj
                0x08003820                vTaskStartScheduler
 .text.vTaskSuspendAll
                0x080038bc       0x10 CMakeFiles/Firmware.elf.dir/Middlewares/Third_Party/FreeRTOS/Source/tasks.c.obj
                0x080038bc                vTaskSuspendAll
 .text.xTaskGetTickCount
                0x080038cc        0xc CMakeFiles/Firmware.elf.dir/Middlewares/Third_Party/FreeRTOS/Source/tasks.c.obj
                0x080038cc                xTaskGetTickCount
 .text.xTaskIncrementTick
                0x080038d8      0x118 CMakeFiles/Firmware.elf.dir/Middlewares/Third_Party/FreeRTOS/Source/tasks.c.obj
                0x080038d8                xTaskIncrementTick
 .text.xTaskResumeAll
                0x080039f0       0xf8 CMakeFiles/Firmware.elf.dir/Middlewares/Third_Party/FreeRTOS/Source/tasks.c.obj
                0x080039f0                xTaskResumeAll
 .text.vTaskDelay
                0x08003ae8       0x4c CMakeFiles/Firmware.elf.dir/Middlewares/Third_Party/FreeRTOS/Source/tasks.c.obj
                0x08003ae8                vTaskDelay
 .text.vTaskSwitchContext
                0x08003b34       0x94 CMakeFiles/Firmware.elf.dir/Middlewares/Third_Party/FreeRTOS/Source/tasks.c.obj
                0x08003b34                vTaskSwitchContext
 .text.vTaskPlaceOnEventList
                0x08003bc8       0x30 CMakeFiles/Firmware.elf.dir/Middlewares/Third_Party/FreeRTOS/Source/tasks.c.obj
                0x08003bc8                vTaskPlaceOnEventList
 .text.vTaskPlaceOnEventListRestricted
                0x08003bf8       0x38 CMakeFiles/Firmware.elf.dir/Middlewares/Third_Party/FreeRTOS/Source/tasks.c.obj
                0x08003bf8                vTaskPlaceOnEventListRestricted
 .text.xTaskRemoveFromEventList
                0x08003c30       0x8c CMakeFiles/Firmware.elf.dir/Middlewares/Third_Party/FreeRTOS/Source/tasks.c.obj
                0x08003c30                xTaskRemoveFromEventList
 .text.vTaskInternalSetTimeOutState
                0x08003cbc       0x18 CMakeFiles/Firmware.elf.dir/Middlewares/Third_Party/FreeRTOS/Source/tasks.c.obj
                0x08003cbc                vTaskInternalSetTimeOutState
 .text.xTaskCheckForTimeOut
                0x08003cd4       0x84 CMakeFiles/Firmware.elf.dir/Middlewares/Third_Party/FreeRTOS/Source/tasks.c.obj
                0x08003cd4                xTaskCheckForTimeOut
 .text.vTaskMissedYield
                0x08003d58        0xc CMakeFiles/Firmware.elf.dir/Middlewares/Third_Party/FreeRTOS/Source/tasks.c.obj
                0x08003d58                vTaskMissedYield
 .text.xTaskGetSchedulerState
                0x08003d64       0x20 CMakeFiles/Firmware.elf.dir/Middlewares/Third_Party/FreeRTOS/Source/tasks.c.obj
                0x08003d64                xTaskGetSchedulerState
 .text.xTaskPriorityDisinherit
                0x08003d84       0x90 CMakeFiles/Firmware.elf.dir/Middlewares/Third_Party/FreeRTOS/Source/tasks.c.obj
                0x08003d84                xTaskPriorityDisinherit
 .text.prvGetNextExpireTime
                0x08003e14       0x20 CMakeFiles/Firmware.elf.dir/Middlewares/Third_Party/FreeRTOS/Source/timers.c.obj
 .text.prvInsertTimerInActiveList
                0x08003e34       0x48 CMakeFiles/Firmware.elf.dir/Middlewares/Third_Party/FreeRTOS/Source/timers.c.obj
 .text.prvCheckForValidListAndQueue
                0x08003e7c       0x70 CMakeFiles/Firmware.elf.dir/Middlewares/Third_Party/FreeRTOS/Source/timers.c.obj
 .text.xTimerCreateTimerTask
                0x08003eec       0x64 CMakeFiles/Firmware.elf.dir/Middlewares/Third_Party/FreeRTOS/Source/timers.c.obj
                0x08003eec                xTimerCreateTimerTask
 .text.xTimerGenericCommand
                0x08003f50       0x6c CMakeFiles/Firmware.elf.dir/Middlewares/Third_Party/FreeRTOS/Source/timers.c.obj
                0x08003f50                xTimerGenericCommand
 .text.prvSwitchTimerLists
                0x08003fbc       0x78 CMakeFiles/Firmware.elf.dir/Middlewares/Third_Party/FreeRTOS/Source/timers.c.obj
 .text.prvSampleTimeNow
                0x08004034       0x2c CMakeFiles/Firmware.elf.dir/Middlewares/Third_Party/FreeRTOS/Source/timers.c.obj
 .text.prvProcessExpiredTimer
                0x08004060       0x60 CMakeFiles/Firmware.elf.dir/Middlewares/Third_Party/FreeRTOS/Source/timers.c.obj
 .text.prvProcessTimerOrBlockTask
                0x080040c0       0x74 CMakeFiles/Firmware.elf.dir/Middlewares/Third_Party/FreeRTOS/Source/timers.c.obj
 .text.prvProcessReceivedCommands
                0x08004134       0xf8 CMakeFiles/Firmware.elf.dir/Middlewares/Third_Party/FreeRTOS/Source/timers.c.obj
 .text.prvTimerTask
                0x0800422c       0x16 CMakeFiles/Firmware.elf.dir/Middlewares/Third_Party/FreeRTOS/Source/timers.c.obj
 *fill*         0x08004242        0x2 
 .text.Reset_Handler
                0x08004244       0x48 CMakeFiles/Firmware.elf.dir/startup/startup_stm32f103xb.s.obj
                0x08004244                Reset_Handler
 .text.Default_Handler
                0x0800428c        0x2 CMakeFiles/Firmware.elf.dir/startup/startup_stm32f103xb.s.obj
                0x0800428c                RTC_Alarm_IRQHandler
                0x0800428c                EXTI2_IRQHandler
                0x0800428c                TIM1_CC_IRQHandler
                0x0800428c                PVD_IRQHandler
                0x0800428c                EXTI3_IRQHandler
                0x0800428c                EXTI0_IRQHandler
                0x0800428c                I2C2_EV_IRQHandler
                0x0800428c                ADC1_2_IRQHandler
                0x0800428c                SPI1_IRQHandler
                0x0800428c                TAMPER_IRQHandler
                0x0800428c                DMA1_Channel4_IRQHandler
                0x0800428c                USART3_IRQHandler
                0x0800428c                RTC_IRQHandler
                0x0800428c                DMA1_Channel7_IRQHandler
                0x0800428c                CAN1_RX1_IRQHandler
                0x0800428c                TIM4_IRQHandler
                0x0800428c                I2C1_EV_IRQHandler
                0x0800428c                DMA1_Channel6_IRQHandler
                0x0800428c                RCC_IRQHandler
                0x0800428c                TIM1_TRG_COM_IRQHandler
                0x0800428c                DMA1_Channel1_IRQHandler
                0x0800428c                Default_Handler
                0x0800428c                EXTI15_10_IRQHandler
                0x0800428c                EXTI9_5_IRQHandler
                0x0800428c                SPI2_IRQHandler
                0x0800428c                DMA1_Channel5_IRQHandler
                0x0800428c                EXTI4_IRQHandler
                0x0800428c                USB_LP_CAN1_RX0_IRQHandler
                0x0800428c                USB_HP_CAN1_TX_IRQHandler
                0x0800428c                DMA1_Channel3_IRQHandler
                0x0800428c                TIM1_UP_IRQHandler
                0x0800428c                WWDG_IRQHandler
                0x0800428c                TIM2_IRQHandler
                0x0800428c                TIM1_BRK_IRQHandler
                0x0800428c                EXTI1_IRQHandler
                0x0800428c                USART2_IRQHandler
                0x0800428c                I2C2_ER_IRQHandler
                0x0800428c                DMA1_Channel2_IRQHandler
                0x0800428c                CAN1_SCE_IRQHandler
                0x0800428c                FLASH_IRQHandler
                0x0800428c                USART1_IRQHandler
                0x0800428c                I2C1_ER_IRQHandler
                0x0800428c                USBWakeUp_IRQHandler
 *fill*         0x0800428e        0x2 
 .text.__libc_init_array
                0x08004290       0x48 e:/program files/stm32cubemx/gcc-arm-none-eabi-10.3-2021.10/bin/../lib/gcc/arm-none-eabi/10.3.1/../../../../arm-none-eabi/lib/thumb/v7-m/nofp\libg.a(lib_a-init.o)
                0x08004290                __libc_init_array
 .text.memset   0x080042d8       0xa4 e:/program files/stm32cubemx/gcc-arm-none-eabi-10.3-2021.10/bin/../lib/gcc/arm-none-eabi/10.3.1/../../../../arm-none-eabi/lib/thumb/v7-m/nofp\libg.a(lib_a-memset.o)
                0x080042d8                memset
 .text.strlen   0x0800437c       0x5c e:/program files/stm32cubemx/gcc-arm-none-eabi-10.3-2021.10/bin/../lib/gcc/arm-none-eabi/10.3.1/../../../../arm-none-eabi/lib/thumb/v7-m/nofp\libg.a(lib_a-strlen-stub.o)
                0x0800437c                strlen
 .text.startup.register_fini
                0x080043d8       0x14 e:/program files/stm32cubemx/gcc-arm-none-eabi-10.3-2021.10/bin/../lib/gcc/arm-none-eabi/10.3.1/../../../../arm-none-eabi/lib/thumb/v7-m/nofp\libg.a(lib_a-__call_atexit.o)
 .text.atexit   0x080043ec        0xc e:/program files/stm32cubemx/gcc-arm-none-eabi-10.3-2021.10/bin/../lib/gcc/arm-none-eabi/10.3.1/../../../../arm-none-eabi/lib/thumb/v7-m/nofp\libg.a(lib_a-atexit.o)
                0x080043ec                atexit
 .text.__libc_fini_array
                0x080043f8       0x2c e:/program files/stm32cubemx/gcc-arm-none-eabi-10.3-2021.10/bin/../lib/gcc/arm-none-eabi/10.3.1/../../../../arm-none-eabi/lib/thumb/v7-m/nofp\libg.a(lib_a-fini.o)
                0x080043f8                __libc_fini_array
 .text.__retarget_lock_acquire_recursive
                0x08004424        0x4 e:/program files/stm32cubemx/gcc-arm-none-eabi-10.3-2021.10/bin/../lib/gcc/arm-none-eabi/10.3.1/../../../../arm-none-eabi/lib/thumb/v7-m/nofp\libg.a(lib_a-lock.o)
                0x08004424                __retarget_lock_acquire_recursive
 .text.__retarget_lock_release_recursive
                0x08004428        0x4 e:/program files/stm32cubemx/gcc-arm-none-eabi-10.3-2021.10/bin/../lib/gcc/arm-none-eabi/10.3.1/../../../../arm-none-eabi/lib/thumb/v7-m/nofp\libg.a(lib_a-lock.o)
                0x08004428                __retarget_lock_release_recursive
 .text.__register_exitproc
                0x0800442c       0x8c e:/program files/stm32cubemx/gcc-arm-none-eabi-10.3-2021.10/bin/../lib/gcc/arm-none-eabi/10.3.1/../../../../arm-none-eabi/lib/thumb/v7-m/nofp\libg.a(lib_a-__atexit.o)
                0x0800442c                __register_exitproc
 *(.glue_7)
 .glue_7        0x080044b8        0x0 linker stubs
 *(.glue_7t)
 .glue_7t       0x080044b8        0x0 linker stubs
 *(.eh_frame)
 .eh_frame      0x080044b8        0x0 e:/program files/stm32cubemx/gcc-arm-none-eabi-10.3-2021.10/bin/../lib/gcc/arm-none-eabi/10.3.1/thumb/v7-m/nofp/crtbegin.o
 *(.init)
 .init          0x080044b8        0x4 e:/program files/stm32cubemx/gcc-arm-none-eabi-10.3-2021.10/bin/../lib/gcc/arm-none-eabi/10.3.1/thumb/v7-m/nofp/crti.o
                0x080044b8                _init
 .init          0x080044bc        0x8 e:/program files/stm32cubemx/gcc-arm-none-eabi-10.3-2021.10/bin/../lib/gcc/arm-none-eabi/10.3.1/thumb/v7-m/nofp/crtn.o
 *(.fini)
 .fini          0x080044c4        0x4 e:/program files/stm32cubemx/gcc-arm-none-eabi-10.3-2021.10/bin/../lib/gcc/arm-none-eabi/10.3.1/thumb/v7-m/nofp/crti.o
                0x080044c4                _fini
 .fini          0x080044c8        0x8 e:/program files/stm32cubemx/gcc-arm-none-eabi-10.3-2021.10/bin/../lib/gcc/arm-none-eabi/10.3.1/thumb/v7-m/nofp/crtn.o
                0x080044d0                . = ALIGN (0x4)
                0x080044d0                _etext = .

.vfp11_veneer   0x080044d0        0x0
 .vfp11_veneer  0x080044d0        0x0 linker stubs

.v4_bx          0x080044d0        0x0
 .v4_bx         0x080044d0        0x0 linker stubs

.iplt           0x080044d0        0x0
 .iplt          0x080044d0        0x0 e:/program files/stm32cubemx/gcc-arm-none-eabi-10.3-2021.10/bin/../lib/gcc/arm-none-eabi/10.3.1/thumb/v7-m/nofp/crtbegin.o

.rodata         0x080044d0      0x6dc
                0x080044d0                . = ALIGN (0x4)
 *(.rodata)
 *(.rodata*)
 .rodata.show_GUI.str1.4
                0x080044d0       0x13 CMakeFiles/Firmware.elf.dir/APP/GUI.c.obj
 *fill*         0x080044e3        0x1 
 .rodata.str1.4
                0x080044e4       0x24 CMakeFiles/Firmware.elf.dir/Core/Src/freertos.c.obj
 .rodata.defaultTask_attributes
                0x08004508       0x24 CMakeFiles/Firmware.elf.dir/Core/Src/freertos.c.obj
                0x08004508                defaultTask_attributes
 .rodata.taskButton_attributes
                0x0800452c       0x24 CMakeFiles/Firmware.elf.dir/Core/Src/freertos.c.obj
                0x0800452c                taskButton_attributes
 .rodata.taskDisplay_attributes
                0x08004550       0x24 CMakeFiles/Firmware.elf.dir/Core/Src/freertos.c.obj
                0x08004550                taskDisplay_attributes
 .rodata.AHBPrescTable
                0x08004574       0x10 CMakeFiles/Firmware.elf.dir/Core/Src/system_stm32f1xx.c.obj
                0x08004574                AHBPrescTable
 .rodata.APBPrescTable
                0x08004584        0x8 CMakeFiles/Firmware.elf.dir/Core/Src/system_stm32f1xx.c.obj
                0x08004584                APBPrescTable
 .rodata.ASCII8x16_Table
                0x0800458c      0x5f0 CMakeFiles/Firmware.elf.dir/Display/font.c.obj
                0x0800458c                ASCII8x16_Table
 .rodata.aPLLMULFactorTable.1
                0x08004b7c       0x10 CMakeFiles/Firmware.elf.dir/Drivers/STM32F1xx_HAL_Driver/Src/stm32f1xx_hal_rcc.c.obj
 .rodata.aPredivFactorTable.0
                0x08004b8c        0x2 CMakeFiles/Firmware.elf.dir/Drivers/STM32F1xx_HAL_Driver/Src/stm32f1xx_hal_rcc.c.obj
 *fill*         0x08004b8e        0x2 
 .rodata.vTaskStartScheduler.str1.4
                0x08004b90        0x5 CMakeFiles/Firmware.elf.dir/Middlewares/Third_Party/FreeRTOS/Source/tasks.c.obj
 *fill*         0x08004b95        0x3 
 .rodata.prvCheckForValidListAndQueue.str1.4
                0x08004b98        0x5 CMakeFiles/Firmware.elf.dir/Middlewares/Third_Party/FreeRTOS/Source/timers.c.obj
 *fill*         0x08004b9d        0x3 
 .rodata.xTimerCreateTimerTask.str1.4
                0x08004ba0        0x8 CMakeFiles/Firmware.elf.dir/Middlewares/Third_Party/FreeRTOS/Source/timers.c.obj
 .rodata._global_impure_ptr
                0x08004ba8        0x4 e:/program files/stm32cubemx/gcc-arm-none-eabi-10.3-2021.10/bin/../lib/gcc/arm-none-eabi/10.3.1/../../../../arm-none-eabi/lib/thumb/v7-m/nofp\libg.a(lib_a-impure.o)
                0x08004ba8                _global_impure_ptr
                0x08004bac                . = ALIGN (0x4)

.rel.dyn        0x08004bac        0x0
 .rel.iplt      0x08004bac        0x0 e:/program files/stm32cubemx/gcc-arm-none-eabi-10.3-2021.10/bin/../lib/gcc/arm-none-eabi/10.3.1/thumb/v7-m/nofp/crtbegin.o

.ARM.extab
 *(.ARM.extab* .gnu.linkonce.armextab.*)

.ARM            0x08004bac        0x0
                0x08004bac                __exidx_start = .
 *(.ARM.exidx*)
                0x08004bac                __exidx_end = .

.preinit_array  0x08004bac        0x0
                0x08004bac                PROVIDE (__preinit_array_start = .)
 *(.preinit_array*)
                0x08004bac                PROVIDE (__preinit_array_end = .)

.init_array     0x08004bac        0x8
                0x08004bac                PROVIDE (__init_array_start = .)
 *(SORT_BY_NAME(.init_array.*))
 .init_array.00000
                0x08004bac        0x4 e:/program files/stm32cubemx/gcc-arm-none-eabi-10.3-2021.10/bin/../lib/gcc/arm-none-eabi/10.3.1/../../../../arm-none-eabi/lib/thumb/v7-m/nofp\libg.a(lib_a-__call_atexit.o)
 *(.init_array*)
 .init_array    0x08004bb0        0x4 e:/program files/stm32cubemx/gcc-arm-none-eabi-10.3-2021.10/bin/../lib/gcc/arm-none-eabi/10.3.1/thumb/v7-m/nofp/crtbegin.o
                0x08004bb4                PROVIDE (__init_array_end = .)

.fini_array     0x08004bb4        0x4
                0x08004bb4                PROVIDE (__fini_array_start = .)
 *(SORT_BY_NAME(.fini_array.*))
 *(.fini_array*)
 .fini_array    0x08004bb4        0x4 e:/program files/stm32cubemx/gcc-arm-none-eabi-10.3-2021.10/bin/../lib/gcc/arm-none-eabi/10.3.1/thumb/v7-m/nofp/crtbegin.o
                0x08004bb8                PROVIDE (__fini_array_end = .)
                0x08004bb8                _sidata = LOADADDR (.data)

.data           0x20000000      0x43c load address 0x08004bb8
                0x20000000                . = ALIGN (0x4)
                0x20000000                _sdata = .
 *(.data)
 *(.data*)
 .data.SystemCoreClock
                0x20000000        0x4 CMakeFiles/Firmware.elf.dir/Core/Src/system_stm32f1xx.c.obj
                0x20000000                SystemCoreClock
 .data.uwTickFreq
                0x20000004        0x1 CMakeFiles/Firmware.elf.dir/Drivers/STM32F1xx_HAL_Driver/Src/stm32f1xx_hal.c.obj
                0x20000004                uwTickFreq
 *fill*         0x20000005        0x3 
 .data.uwTickPrio
                0x20000008        0x4 CMakeFiles/Firmware.elf.dir/Drivers/STM32F1xx_HAL_Driver/Src/stm32f1xx_hal.c.obj
                0x20000008                uwTickPrio
 .data.uxCriticalNesting
                0x2000000c        0x4 CMakeFiles/Firmware.elf.dir/Middlewares/Third_Party/FreeRTOS/Source/portable/GCC/ARM_CM3/port.c.obj
 .data.impure_data
                0x20000010      0x428 e:/program files/stm32cubemx/gcc-arm-none-eabi-10.3-2021.10/bin/../lib/gcc/arm-none-eabi/10.3.1/../../../../arm-none-eabi/lib/thumb/v7-m/nofp\libg.a(lib_a-impure.o)
 .data.__atexit_recursive_mutex
                0x20000438        0x4 e:/program files/stm32cubemx/gcc-arm-none-eabi-10.3-2021.10/bin/../lib/gcc/arm-none-eabi/10.3.1/../../../../arm-none-eabi/lib/thumb/v7-m/nofp\libg.a(lib_a-__call_atexit.o)
                0x20000438                __atexit_recursive_mutex
                0x2000043c                . = ALIGN (0x4)
                0x2000043c                _edata = .

.igot.plt       0x2000043c        0x0 load address 0x08004ff4
 .igot.plt      0x2000043c        0x0 e:/program files/stm32cubemx/gcc-arm-none-eabi-10.3-2021.10/bin/../lib/gcc/arm-none-eabi/10.3.1/thumb/v7-m/nofp/crtbegin.o
                0x2000043c                . = ALIGN (0x4)

.bss            0x2000043c     0x1ea8 load address 0x08004ff4
                0x2000043c                _sbss = .
                0x2000043c                __bss_start__ = _sbss
 *(.bss)
 .bss           0x2000043c       0x1c e:/program files/stm32cubemx/gcc-arm-none-eabi-10.3-2021.10/bin/../lib/gcc/arm-none-eabi/10.3.1/thumb/v7-m/nofp/crtbegin.o
 *(.bss*)
 .bss.i.0       0x20000458        0x2 CMakeFiles/Firmware.elf.dir/APP/Driver.c.obj
 *fill*         0x2000045a        0x2 
 .bss.defaultTaskHandle
                0x2000045c        0x4 CMakeFiles/Firmware.elf.dir/Core/Src/freertos.c.obj
                0x2000045c                defaultTaskHandle
 .bss.taskButtonHandle
                0x20000460        0x4 CMakeFiles/Firmware.elf.dir/Core/Src/freertos.c.obj
                0x20000460                taskButtonHandle
 .bss.taskDisplayHandle
                0x20000464        0x4 CMakeFiles/Firmware.elf.dir/Core/Src/freertos.c.obj
                0x20000464                taskDisplayHandle
 .bss.hi2c2     0x20000468       0x54 CMakeFiles/Firmware.elf.dir/Core/Src/i2c.c.obj
                0x20000468                hi2c2
 .bss.htim3     0x200004bc       0x48 CMakeFiles/Firmware.elf.dir/Core/Src/tim.c.obj
                0x200004bc                htim3
 .bss.huart1    0x20000504       0x48 CMakeFiles/Firmware.elf.dir/Core/Src/usart.c.obj
                0x20000504                huart1
 .bss.huart2    0x2000054c       0x48 CMakeFiles/Firmware.elf.dir/Core/Src/usart.c.obj
                0x2000054c                huart2
 .bss.I2C_OLED_GRAM
                0x20000594      0x400 CMakeFiles/Firmware.elf.dir/Display/oled.c.obj
                0x20000594                I2C_OLED_GRAM
 .bss.uwTick    0x20000994        0x4 CMakeFiles/Firmware.elf.dir/Drivers/STM32F1xx_HAL_Driver/Src/stm32f1xx_hal.c.obj
                0x20000994                uwTick
 .bss.Idle_Stack
                0x20000998      0x200 CMakeFiles/Firmware.elf.dir/Middlewares/Third_Party/FreeRTOS/Source/CMSIS_RTOS_V2/cmsis_os2.c.obj
 .bss.Idle_TCB  0x20000b98       0x5c CMakeFiles/Firmware.elf.dir/Middlewares/Third_Party/FreeRTOS/Source/CMSIS_RTOS_V2/cmsis_os2.c.obj
 .bss.KernelState
                0x20000bf4        0x4 CMakeFiles/Firmware.elf.dir/Middlewares/Third_Party/FreeRTOS/Source/CMSIS_RTOS_V2/cmsis_os2.c.obj
 .bss.Timer_Stack
                0x20000bf8      0x400 CMakeFiles/Firmware.elf.dir/Middlewares/Third_Party/FreeRTOS/Source/CMSIS_RTOS_V2/cmsis_os2.c.obj
 .bss.Timer_TCB
                0x20000ff8       0x5c CMakeFiles/Firmware.elf.dir/Middlewares/Third_Party/FreeRTOS/Source/CMSIS_RTOS_V2/cmsis_os2.c.obj
 .bss.ucMaxSysCallPriority
                0x20001054        0x1 CMakeFiles/Firmware.elf.dir/Middlewares/Third_Party/FreeRTOS/Source/portable/GCC/ARM_CM3/port.c.obj
 *fill*         0x20001055        0x3 
 .bss.ulMaxPRIGROUPValue
                0x20001058        0x4 CMakeFiles/Firmware.elf.dir/Middlewares/Third_Party/FreeRTOS/Source/portable/GCC/ARM_CM3/port.c.obj
 .bss.pxEnd     0x2000105c        0x4 CMakeFiles/Firmware.elf.dir/Middlewares/Third_Party/FreeRTOS/Source/portable/MemMang/heap_4.c.obj
 .bss.ucHeap    0x20001060      0xc00 CMakeFiles/Firmware.elf.dir/Middlewares/Third_Party/FreeRTOS/Source/portable/MemMang/heap_4.c.obj
 .bss.xBlockAllocatedBit
                0x20001c60        0x4 CMakeFiles/Firmware.elf.dir/Middlewares/Third_Party/FreeRTOS/Source/portable/MemMang/heap_4.c.obj
 .bss.xFreeBytesRemaining
                0x20001c64        0x4 CMakeFiles/Firmware.elf.dir/Middlewares/Third_Party/FreeRTOS/Source/portable/MemMang/heap_4.c.obj
 .bss.xMinimumEverFreeBytesRemaining
                0x20001c68        0x4 CMakeFiles/Firmware.elf.dir/Middlewares/Third_Party/FreeRTOS/Source/portable/MemMang/heap_4.c.obj
 .bss.xStart    0x20001c6c        0x8 CMakeFiles/Firmware.elf.dir/Middlewares/Third_Party/FreeRTOS/Source/portable/MemMang/heap_4.c.obj
 .bss.xQueueRegistry
                0x20001c74       0x40 CMakeFiles/Firmware.elf.dir/Middlewares/Third_Party/FreeRTOS/Source/queue.c.obj
                0x20001c74                xQueueRegistry
 .bss.pxCurrentTCB
                0x20001cb4        0x4 CMakeFiles/Firmware.elf.dir/Middlewares/Third_Party/FreeRTOS/Source/tasks.c.obj
                0x20001cb4                pxCurrentTCB
 .bss.pxDelayedTaskList
                0x20001cb8        0x4 CMakeFiles/Firmware.elf.dir/Middlewares/Third_Party/FreeRTOS/Source/tasks.c.obj
 .bss.pxOverflowDelayedTaskList
                0x20001cbc        0x4 CMakeFiles/Firmware.elf.dir/Middlewares/Third_Party/FreeRTOS/Source/tasks.c.obj
 .bss.pxReadyTasksLists
                0x20001cc0      0x460 CMakeFiles/Firmware.elf.dir/Middlewares/Third_Party/FreeRTOS/Source/tasks.c.obj
 .bss.uxCurrentNumberOfTasks
                0x20002120        0x4 CMakeFiles/Firmware.elf.dir/Middlewares/Third_Party/FreeRTOS/Source/tasks.c.obj
 .bss.uxDeletedTasksWaitingCleanUp
                0x20002124        0x4 CMakeFiles/Firmware.elf.dir/Middlewares/Third_Party/FreeRTOS/Source/tasks.c.obj
 .bss.uxPendedTicks
                0x20002128        0x4 CMakeFiles/Firmware.elf.dir/Middlewares/Third_Party/FreeRTOS/Source/tasks.c.obj
 .bss.uxSchedulerSuspended
                0x2000212c        0x4 CMakeFiles/Firmware.elf.dir/Middlewares/Third_Party/FreeRTOS/Source/tasks.c.obj
 .bss.uxTaskNumber
                0x20002130        0x4 CMakeFiles/Firmware.elf.dir/Middlewares/Third_Party/FreeRTOS/Source/tasks.c.obj
 .bss.uxTopReadyPriority
                0x20002134        0x4 CMakeFiles/Firmware.elf.dir/Middlewares/Third_Party/FreeRTOS/Source/tasks.c.obj
 .bss.xDelayedTaskList1
                0x20002138       0x14 CMakeFiles/Firmware.elf.dir/Middlewares/Third_Party/FreeRTOS/Source/tasks.c.obj
 .bss.xDelayedTaskList2
                0x2000214c       0x14 CMakeFiles/Firmware.elf.dir/Middlewares/Third_Party/FreeRTOS/Source/tasks.c.obj
 .bss.xIdleTaskHandle
                0x20002160        0x4 CMakeFiles/Firmware.elf.dir/Middlewares/Third_Party/FreeRTOS/Source/tasks.c.obj
 .bss.xNextTaskUnblockTime
                0x20002164        0x4 CMakeFiles/Firmware.elf.dir/Middlewares/Third_Party/FreeRTOS/Source/tasks.c.obj
 .bss.xNumOfOverflows
                0x20002168        0x4 CMakeFiles/Firmware.elf.dir/Middlewares/Third_Party/FreeRTOS/Source/tasks.c.obj
 .bss.xPendingReadyList
                0x2000216c       0x14 CMakeFiles/Firmware.elf.dir/Middlewares/Third_Party/FreeRTOS/Source/tasks.c.obj
 .bss.xSchedulerRunning
                0x20002180        0x4 CMakeFiles/Firmware.elf.dir/Middlewares/Third_Party/FreeRTOS/Source/tasks.c.obj
 .bss.xSuspendedTaskList
                0x20002184       0x14 CMakeFiles/Firmware.elf.dir/Middlewares/Third_Party/FreeRTOS/Source/tasks.c.obj
 .bss.xTasksWaitingTermination
                0x20002198       0x14 CMakeFiles/Firmware.elf.dir/Middlewares/Third_Party/FreeRTOS/Source/tasks.c.obj
 .bss.xTickCount
                0x200021ac        0x4 CMakeFiles/Firmware.elf.dir/Middlewares/Third_Party/FreeRTOS/Source/tasks.c.obj
 .bss.xYieldPending
                0x200021b0        0x4 CMakeFiles/Firmware.elf.dir/Middlewares/Third_Party/FreeRTOS/Source/tasks.c.obj
 .bss.pxCurrentTimerList
                0x200021b4        0x4 CMakeFiles/Firmware.elf.dir/Middlewares/Third_Party/FreeRTOS/Source/timers.c.obj
 .bss.pxOverflowTimerList
                0x200021b8        0x4 CMakeFiles/Firmware.elf.dir/Middlewares/Third_Party/FreeRTOS/Source/timers.c.obj
 .bss.ucStaticTimerQueueStorage.1
                0x200021bc       0xa0 CMakeFiles/Firmware.elf.dir/Middlewares/Third_Party/FreeRTOS/Source/timers.c.obj
 .bss.xActiveTimerList1
                0x2000225c       0x14 CMakeFiles/Firmware.elf.dir/Middlewares/Third_Party/FreeRTOS/Source/timers.c.obj
 .bss.xActiveTimerList2
                0x20002270       0x14 CMakeFiles/Firmware.elf.dir/Middlewares/Third_Party/FreeRTOS/Source/timers.c.obj
 .bss.xLastTime.2
                0x20002284        0x4 CMakeFiles/Firmware.elf.dir/Middlewares/Third_Party/FreeRTOS/Source/timers.c.obj
 .bss.xStaticTimerQueue.0
                0x20002288       0x50 CMakeFiles/Firmware.elf.dir/Middlewares/Third_Party/FreeRTOS/Source/timers.c.obj
 .bss.xTimerQueue
                0x200022d8        0x4 CMakeFiles/Firmware.elf.dir/Middlewares/Third_Party/FreeRTOS/Source/timers.c.obj
 .bss.xTimerTaskHandle
                0x200022dc        0x4 CMakeFiles/Firmware.elf.dir/Middlewares/Third_Party/FreeRTOS/Source/timers.c.obj
 .bss.__lock___atexit_recursive_mutex
                0x200022e0        0x1 e:/program files/stm32cubemx/gcc-arm-none-eabi-10.3-2021.10/bin/../lib/gcc/arm-none-eabi/10.3.1/../../../../arm-none-eabi/lib/thumb/v7-m/nofp\libg.a(lib_a-lock.o)
                0x200022e0                __lock___atexit_recursive_mutex
 *(COMMON)
                0x200022e4                . = ALIGN (0x4)
 *fill*         0x200022e1        0x3 
                0x200022e4                _ebss = .
                0x200022e4                __bss_end__ = _ebss

._user_heap_stack
                0x200022e4      0x604 load address 0x08004ff4
                0x200022e8                . = ALIGN (0x8)
 *fill*         0x200022e4        0x4 
                0x200022e8                PROVIDE (end = .)
                [!provide]                PROVIDE (_end = .)
                0x200024e8                . = (. + _Min_Heap_Size)
 *fill*         0x200022e8      0x200 
                0x200028e8                . = (. + _Min_Stack_Size)
 *fill*         0x200024e8      0x400 
                0x200028e8                . = ALIGN (0x8)

/DISCARD/
 libc.a(*)
 libm.a(*)
 libgcc.a(*)

.ARM.attributes
                0x00000000       0x29
 *(.ARM.attributes)
 .ARM.attributes
                0x00000000       0x1d e:/program files/stm32cubemx/gcc-arm-none-eabi-10.3-2021.10/bin/../lib/gcc/arm-none-eabi/10.3.1/thumb/v7-m/nofp/crti.o
 .ARM.attributes
                0x0000001d       0x2d e:/program files/stm32cubemx/gcc-arm-none-eabi-10.3-2021.10/bin/../lib/gcc/arm-none-eabi/10.3.1/thumb/v7-m/nofp/crtbegin.o
 .ARM.attributes
                0x0000004a       0x2d CMakeFiles/Firmware.elf.dir/APP/Driver.c.obj
 .ARM.attributes
                0x00000077       0x2d CMakeFiles/Firmware.elf.dir/APP/GUI.c.obj
 .ARM.attributes
                0x000000a4       0x2d CMakeFiles/Firmware.elf.dir/Core/Src/freertos.c.obj
 .ARM.attributes
                0x000000d1       0x2d CMakeFiles/Firmware.elf.dir/Core/Src/gpio.c.obj
 .ARM.attributes
                0x000000fe       0x2d CMakeFiles/Firmware.elf.dir/Core/Src/i2c.c.obj
 .ARM.attributes
                0x0000012b       0x2d CMakeFiles/Firmware.elf.dir/Core/Src/main.c.obj
 .ARM.attributes
                0x00000158       0x2d CMakeFiles/Firmware.elf.dir/Core/Src/stm32f1xx_hal_msp.c.obj
 .ARM.attributes
                0x00000185       0x2d CMakeFiles/Firmware.elf.dir/Core/Src/stm32f1xx_it.c.obj
 .ARM.attributes
                0x000001b2       0x2d CMakeFiles/Firmware.elf.dir/Core/Src/system_stm32f1xx.c.obj
 .ARM.attributes
                0x000001df       0x2d CMakeFiles/Firmware.elf.dir/Core/Src/tim.c.obj
 .ARM.attributes
                0x0000020c       0x2d CMakeFiles/Firmware.elf.dir/Core/Src/usart.c.obj
 .ARM.attributes
                0x00000239       0x2d CMakeFiles/Firmware.elf.dir/Display/font.c.obj
 .ARM.attributes
                0x00000266       0x2d CMakeFiles/Firmware.elf.dir/Display/oled.c.obj
 .ARM.attributes
                0x00000293       0x2d CMakeFiles/Firmware.elf.dir/Drivers/STM32F1xx_HAL_Driver/Src/stm32f1xx_hal.c.obj
 .ARM.attributes
                0x000002c0       0x2d CMakeFiles/Firmware.elf.dir/Drivers/STM32F1xx_HAL_Driver/Src/stm32f1xx_hal_cortex.c.obj
 .ARM.attributes
                0x000002ed       0x2d CMakeFiles/Firmware.elf.dir/Drivers/STM32F1xx_HAL_Driver/Src/stm32f1xx_hal_gpio.c.obj
 .ARM.attributes
                0x0000031a       0x2d CMakeFiles/Firmware.elf.dir/Drivers/STM32F1xx_HAL_Driver/Src/stm32f1xx_hal_i2c.c.obj
 .ARM.attributes
                0x00000347       0x2d CMakeFiles/Firmware.elf.dir/Drivers/STM32F1xx_HAL_Driver/Src/stm32f1xx_hal_rcc.c.obj
 .ARM.attributes
                0x00000374       0x2d CMakeFiles/Firmware.elf.dir/Drivers/STM32F1xx_HAL_Driver/Src/stm32f1xx_hal_tim.c.obj
 .ARM.attributes
                0x000003a1       0x2d CMakeFiles/Firmware.elf.dir/Drivers/STM32F1xx_HAL_Driver/Src/stm32f1xx_hal_tim_ex.c.obj
 .ARM.attributes
                0x000003ce       0x2d CMakeFiles/Firmware.elf.dir/Drivers/STM32F1xx_HAL_Driver/Src/stm32f1xx_hal_uart.c.obj
 .ARM.attributes
                0x000003fb       0x2d CMakeFiles/Firmware.elf.dir/Middlewares/Third_Party/FreeRTOS/Source/CMSIS_RTOS_V2/cmsis_os2.c.obj
 .ARM.attributes
                0x00000428       0x2d CMakeFiles/Firmware.elf.dir/Middlewares/Third_Party/FreeRTOS/Source/list.c.obj
 .ARM.attributes
                0x00000455       0x2d CMakeFiles/Firmware.elf.dir/Middlewares/Third_Party/FreeRTOS/Source/portable/GCC/ARM_CM3/port.c.obj
 .ARM.attributes
                0x00000482       0x2d CMakeFiles/Firmware.elf.dir/Middlewares/Third_Party/FreeRTOS/Source/portable/MemMang/heap_4.c.obj
 .ARM.attributes
                0x000004af       0x2d CMakeFiles/Firmware.elf.dir/Middlewares/Third_Party/FreeRTOS/Source/queue.c.obj
 .ARM.attributes
                0x000004dc       0x2d CMakeFiles/Firmware.elf.dir/Middlewares/Third_Party/FreeRTOS/Source/tasks.c.obj
 .ARM.attributes
                0x00000509       0x2d CMakeFiles/Firmware.elf.dir/Middlewares/Third_Party/FreeRTOS/Source/timers.c.obj
 .ARM.attributes
                0x00000536       0x21 CMakeFiles/Firmware.elf.dir/startup/startup_stm32f103xb.s.obj
 .ARM.attributes
                0x00000557       0x2d e:/program files/stm32cubemx/gcc-arm-none-eabi-10.3-2021.10/bin/../lib/gcc/arm-none-eabi/10.3.1/../../../../arm-none-eabi/lib/thumb/v7-m/nofp\libg.a(lib_a-impure.o)
 .ARM.attributes
                0x00000584       0x2d e:/program files/stm32cubemx/gcc-arm-none-eabi-10.3-2021.10/bin/../lib/gcc/arm-none-eabi/10.3.1/../../../../arm-none-eabi/lib/thumb/v7-m/nofp\libg.a(lib_a-init.o)
 .ARM.attributes
                0x000005b1       0x1b e:/program files/stm32cubemx/gcc-arm-none-eabi-10.3-2021.10/bin/../lib/gcc/arm-none-eabi/10.3.1/../../../../arm-none-eabi/lib/thumb/v7-m/nofp\libg.a(lib_a-memcpy.o)
 .ARM.attributes
                0x000005cc       0x2d e:/program files/stm32cubemx/gcc-arm-none-eabi-10.3-2021.10/bin/../lib/gcc/arm-none-eabi/10.3.1/../../../../arm-none-eabi/lib/thumb/v7-m/nofp\libg.a(lib_a-memset.o)
 .ARM.attributes
                0x000005f9       0x2d e:/program files/stm32cubemx/gcc-arm-none-eabi-10.3-2021.10/bin/../lib/gcc/arm-none-eabi/10.3.1/../../../../arm-none-eabi/lib/thumb/v7-m/nofp\libg.a(lib_a-strlen-stub.o)
 .ARM.attributes
                0x00000626       0x2d e:/program files/stm32cubemx/gcc-arm-none-eabi-10.3-2021.10/bin/../lib/gcc/arm-none-eabi/10.3.1/../../../../arm-none-eabi/lib/thumb/v7-m/nofp\libg.a(lib_a-__call_atexit.o)
 .ARM.attributes
                0x00000653       0x2d e:/program files/stm32cubemx/gcc-arm-none-eabi-10.3-2021.10/bin/../lib/gcc/arm-none-eabi/10.3.1/../../../../arm-none-eabi/lib/thumb/v7-m/nofp\libg.a(lib_a-atexit.o)
 .ARM.attributes
                0x00000680       0x2d e:/program files/stm32cubemx/gcc-arm-none-eabi-10.3-2021.10/bin/../lib/gcc/arm-none-eabi/10.3.1/../../../../arm-none-eabi/lib/thumb/v7-m/nofp\libg.a(lib_a-fini.o)
 .ARM.attributes
                0x000006ad       0x2d e:/program files/stm32cubemx/gcc-arm-none-eabi-10.3-2021.10/bin/../lib/gcc/arm-none-eabi/10.3.1/../../../../arm-none-eabi/lib/thumb/v7-m/nofp\libg.a(lib_a-lock.o)
 .ARM.attributes
                0x000006da       0x2d e:/program files/stm32cubemx/gcc-arm-none-eabi-10.3-2021.10/bin/../lib/gcc/arm-none-eabi/10.3.1/../../../../arm-none-eabi/lib/thumb/v7-m/nofp\libg.a(lib_a-__atexit.o)
 .ARM.attributes
                0x00000707       0x1d e:/program files/stm32cubemx/gcc-arm-none-eabi-10.3-2021.10/bin/../lib/gcc/arm-none-eabi/10.3.1/thumb/v7-m/nofp/crtn.o
OUTPUT(Firmware.elf elf32-littlearm)
LOAD linker stubs
LOAD e:/program files/stm32cubemx/gcc-arm-none-eabi-10.3-2021.10/bin/../lib/gcc/arm-none-eabi/10.3.1/../../../../arm-none-eabi/lib/thumb/v7-m/nofp\libc.a
LOAD e:/program files/stm32cubemx/gcc-arm-none-eabi-10.3-2021.10/bin/../lib/gcc/arm-none-eabi/10.3.1/../../../../arm-none-eabi/lib/thumb/v7-m/nofp\libm.a
LOAD e:/program files/stm32cubemx/gcc-arm-none-eabi-10.3-2021.10/bin/../lib/gcc/arm-none-eabi/10.3.1/thumb/v7-m/nofp\libgcc.a

.debug_info     0x00000000    0x2226f
 .debug_info    0x00000000      0x898 CMakeFiles/Firmware.elf.dir/APP/Driver.c.obj
 .debug_info    0x00000898      0x105 CMakeFiles/Firmware.elf.dir/APP/GUI.c.obj
 .debug_info    0x0000099d      0xb0b CMakeFiles/Firmware.elf.dir/Core/Src/freertos.c.obj
 .debug_info    0x000014a8      0x30f CMakeFiles/Firmware.elf.dir/Core/Src/gpio.c.obj
 .debug_info    0x000017b7      0x8a6 CMakeFiles/Firmware.elf.dir/Core/Src/i2c.c.obj
 .debug_info    0x0000205d      0x39f CMakeFiles/Firmware.elf.dir/Core/Src/main.c.obj
 .debug_info    0x000023fc      0x387 CMakeFiles/Firmware.elf.dir/Core/Src/stm32f1xx_hal_msp.c.obj
 .debug_info    0x00002783      0x719 CMakeFiles/Firmware.elf.dir/Core/Src/stm32f1xx_it.c.obj
 .debug_info    0x00002e9c      0x248 CMakeFiles/Firmware.elf.dir/Core/Src/system_stm32f1xx.c.obj
 .debug_info    0x000030e4      0xcb0 CMakeFiles/Firmware.elf.dir/Core/Src/tim.c.obj
 .debug_info    0x00003d94      0x930 CMakeFiles/Firmware.elf.dir/Core/Src/usart.c.obj
 .debug_info    0x000046c4      0x1cb CMakeFiles/Firmware.elf.dir/Display/font.c.obj
 .debug_info    0x0000488f     0x16c2 CMakeFiles/Firmware.elf.dir/Display/oled.c.obj
 .debug_info    0x00005f51      0x7a8 CMakeFiles/Firmware.elf.dir/Drivers/STM32F1xx_HAL_Driver/Src/stm32f1xx_hal.c.obj
 .debug_info    0x000066f9      0xd8a CMakeFiles/Firmware.elf.dir/Drivers/STM32F1xx_HAL_Driver/Src/stm32f1xx_hal_cortex.c.obj
 .debug_info    0x00007483      0x66f CMakeFiles/Firmware.elf.dir/Drivers/STM32F1xx_HAL_Driver/Src/stm32f1xx_hal_gpio.c.obj
 .debug_info    0x00007af2     0x3ab6 CMakeFiles/Firmware.elf.dir/Drivers/STM32F1xx_HAL_Driver/Src/stm32f1xx_hal_i2c.c.obj
 .debug_info    0x0000b5a8      0xa3b CMakeFiles/Firmware.elf.dir/Drivers/STM32F1xx_HAL_Driver/Src/stm32f1xx_hal_rcc.c.obj
 .debug_info    0x0000bfe3     0x3d52 CMakeFiles/Firmware.elf.dir/Drivers/STM32F1xx_HAL_Driver/Src/stm32f1xx_hal_tim.c.obj
 .debug_info    0x0000fd35     0x1abb CMakeFiles/Firmware.elf.dir/Drivers/STM32F1xx_HAL_Driver/Src/stm32f1xx_hal_tim_ex.c.obj
 .debug_info    0x000117f0     0x4212 CMakeFiles/Firmware.elf.dir/Drivers/STM32F1xx_HAL_Driver/Src/stm32f1xx_hal_uart.c.obj
 .debug_info    0x00015a02     0x4b1f CMakeFiles/Firmware.elf.dir/Middlewares/Third_Party/FreeRTOS/Source/CMSIS_RTOS_V2/cmsis_os2.c.obj
 .debug_info    0x0001a521      0x2da CMakeFiles/Firmware.elf.dir/Middlewares/Third_Party/FreeRTOS/Source/list.c.obj
 .debug_info    0x0001a7fb      0x52b CMakeFiles/Firmware.elf.dir/Middlewares/Third_Party/FreeRTOS/Source/portable/GCC/ARM_CM3/port.c.obj
 .debug_info    0x0001ad26      0x471 CMakeFiles/Firmware.elf.dir/Middlewares/Third_Party/FreeRTOS/Source/portable/MemMang/heap_4.c.obj
 .debug_info    0x0001b197     0x2733 CMakeFiles/Firmware.elf.dir/Middlewares/Third_Party/FreeRTOS/Source/queue.c.obj
 .debug_info    0x0001d8ca     0x301a CMakeFiles/Firmware.elf.dir/Middlewares/Third_Party/FreeRTOS/Source/tasks.c.obj
 .debug_info    0x000208e4     0x1969 CMakeFiles/Firmware.elf.dir/Middlewares/Third_Party/FreeRTOS/Source/timers.c.obj
 .debug_info    0x0002224d       0x22 CMakeFiles/Firmware.elf.dir/startup/startup_stm32f103xb.s.obj

.debug_abbrev   0x00000000     0x3aef
 .debug_abbrev  0x00000000      0x1bb CMakeFiles/Firmware.elf.dir/APP/Driver.c.obj
 .debug_abbrev  0x000001bb       0x88 CMakeFiles/Firmware.elf.dir/APP/GUI.c.obj
 .debug_abbrev  0x00000243      0x1d6 CMakeFiles/Firmware.elf.dir/Core/Src/freertos.c.obj
 .debug_abbrev  0x00000419      0x13c CMakeFiles/Firmware.elf.dir/Core/Src/gpio.c.obj
 .debug_abbrev  0x00000555      0x1c1 CMakeFiles/Firmware.elf.dir/Core/Src/i2c.c.obj
 .debug_abbrev  0x00000716      0x162 CMakeFiles/Firmware.elf.dir/Core/Src/main.c.obj
 .debug_abbrev  0x00000878      0x12d CMakeFiles/Firmware.elf.dir/Core/Src/stm32f1xx_hal_msp.c.obj
 .debug_abbrev  0x000009a5      0x18c CMakeFiles/Firmware.elf.dir/Core/Src/stm32f1xx_it.c.obj
 .debug_abbrev  0x00000b31      0x13e CMakeFiles/Firmware.elf.dir/Core/Src/system_stm32f1xx.c.obj
 .debug_abbrev  0x00000c6f      0x1ef CMakeFiles/Firmware.elf.dir/Core/Src/tim.c.obj
 .debug_abbrev  0x00000e5e      0x1c8 CMakeFiles/Firmware.elf.dir/Core/Src/usart.c.obj
 .debug_abbrev  0x00001026       0xed CMakeFiles/Firmware.elf.dir/Display/font.c.obj
 .debug_abbrev  0x00001113      0x2c2 CMakeFiles/Firmware.elf.dir/Display/oled.c.obj
 .debug_abbrev  0x000013d5      0x1f4 CMakeFiles/Firmware.elf.dir/Drivers/STM32F1xx_HAL_Driver/Src/stm32f1xx_hal.c.obj
 .debug_abbrev  0x000015c9      0x341 CMakeFiles/Firmware.elf.dir/Drivers/STM32F1xx_HAL_Driver/Src/stm32f1xx_hal_cortex.c.obj
 .debug_abbrev  0x0000190a      0x1e6 CMakeFiles/Firmware.elf.dir/Drivers/STM32F1xx_HAL_Driver/Src/stm32f1xx_hal_gpio.c.obj
 .debug_abbrev  0x00001af0      0x293 CMakeFiles/Firmware.elf.dir/Drivers/STM32F1xx_HAL_Driver/Src/stm32f1xx_hal_i2c.c.obj
 .debug_abbrev  0x00001d83      0x27a CMakeFiles/Firmware.elf.dir/Drivers/STM32F1xx_HAL_Driver/Src/stm32f1xx_hal_rcc.c.obj
 .debug_abbrev  0x00001ffd      0x245 CMakeFiles/Firmware.elf.dir/Drivers/STM32F1xx_HAL_Driver/Src/stm32f1xx_hal_tim.c.obj
 .debug_abbrev  0x00002242      0x248 CMakeFiles/Firmware.elf.dir/Drivers/STM32F1xx_HAL_Driver/Src/stm32f1xx_hal_tim_ex.c.obj
 .debug_abbrev  0x0000248a      0x2dd CMakeFiles/Firmware.elf.dir/Drivers/STM32F1xx_HAL_Driver/Src/stm32f1xx_hal_uart.c.obj
 .debug_abbrev  0x00002767      0x418 CMakeFiles/Firmware.elf.dir/Middlewares/Third_Party/FreeRTOS/Source/CMSIS_RTOS_V2/cmsis_os2.c.obj
 .debug_abbrev  0x00002b7f      0x106 CMakeFiles/Firmware.elf.dir/Middlewares/Third_Party/FreeRTOS/Source/list.c.obj
 .debug_abbrev  0x00002c85      0x27e CMakeFiles/Firmware.elf.dir/Middlewares/Third_Party/FreeRTOS/Source/portable/GCC/ARM_CM3/port.c.obj
 .debug_abbrev  0x00002f03      0x238 CMakeFiles/Firmware.elf.dir/Middlewares/Third_Party/FreeRTOS/Source/portable/MemMang/heap_4.c.obj
 .debug_abbrev  0x0000313b      0x38c CMakeFiles/Firmware.elf.dir/Middlewares/Third_Party/FreeRTOS/Source/queue.c.obj
 .debug_abbrev  0x000034c7      0x313 CMakeFiles/Firmware.elf.dir/Middlewares/Third_Party/FreeRTOS/Source/tasks.c.obj
 .debug_abbrev  0x000037da      0x303 CMakeFiles/Firmware.elf.dir/Middlewares/Third_Party/FreeRTOS/Source/timers.c.obj
 .debug_abbrev  0x00003add       0x12 CMakeFiles/Firmware.elf.dir/startup/startup_stm32f103xb.s.obj

.debug_loc      0x00000000    0x1c5a4
 .debug_loc     0x00000000       0x42 CMakeFiles/Firmware.elf.dir/APP/Driver.c.obj
 .debug_loc     0x00000042       0x6f CMakeFiles/Firmware.elf.dir/Core/Src/freertos.c.obj
 .debug_loc     0x000000b1       0x67 CMakeFiles/Firmware.elf.dir/Core/Src/i2c.c.obj
 .debug_loc     0x00000118       0x15 CMakeFiles/Firmware.elf.dir/Core/Src/stm32f1xx_hal_msp.c.obj
 .debug_loc     0x0000012d       0xff CMakeFiles/Firmware.elf.dir/Core/Src/system_stm32f1xx.c.obj
 .debug_loc     0x0000022c       0xa9 CMakeFiles/Firmware.elf.dir/Core/Src/tim.c.obj
 .debug_loc     0x000002d5       0xbe CMakeFiles/Firmware.elf.dir/Core/Src/usart.c.obj
 .debug_loc     0x00000393      0x136 CMakeFiles/Firmware.elf.dir/Display/font.c.obj
 .debug_loc     0x000004c9      0xb86 CMakeFiles/Firmware.elf.dir/Display/oled.c.obj
 .debug_loc     0x0000104f      0x141 CMakeFiles/Firmware.elf.dir/Drivers/STM32F1xx_HAL_Driver/Src/stm32f1xx_hal.c.obj
 .debug_loc     0x00001190      0x71f CMakeFiles/Firmware.elf.dir/Drivers/STM32F1xx_HAL_Driver/Src/stm32f1xx_hal_cortex.c.obj
 .debug_loc     0x000018af      0x47d CMakeFiles/Firmware.elf.dir/Drivers/STM32F1xx_HAL_Driver/Src/stm32f1xx_hal_gpio.c.obj
 .debug_loc     0x00001d2c     0x41ca CMakeFiles/Firmware.elf.dir/Drivers/STM32F1xx_HAL_Driver/Src/stm32f1xx_hal_i2c.c.obj
 .debug_loc     0x00005ef6      0x61b CMakeFiles/Firmware.elf.dir/Drivers/STM32F1xx_HAL_Driver/Src/stm32f1xx_hal_rcc.c.obj
 .debug_loc     0x00006511     0x50fa CMakeFiles/Firmware.elf.dir/Drivers/STM32F1xx_HAL_Driver/Src/stm32f1xx_hal_tim.c.obj
 .debug_loc     0x0000b60b     0x1c93 CMakeFiles/Firmware.elf.dir/Drivers/STM32F1xx_HAL_Driver/Src/stm32f1xx_hal_tim_ex.c.obj
 .debug_loc     0x0000d29e     0x487b CMakeFiles/Firmware.elf.dir/Drivers/STM32F1xx_HAL_Driver/Src/stm32f1xx_hal_uart.c.obj
 .debug_loc     0x00011b19     0x579d CMakeFiles/Firmware.elf.dir/Middlewares/Third_Party/FreeRTOS/Source/CMSIS_RTOS_V2/cmsis_os2.c.obj
 .debug_loc     0x000172b6       0xad CMakeFiles/Firmware.elf.dir/Middlewares/Third_Party/FreeRTOS/Source/list.c.obj
 .debug_loc     0x00017363       0xe8 CMakeFiles/Firmware.elf.dir/Middlewares/Third_Party/FreeRTOS/Source/portable/GCC/ARM_CM3/port.c.obj
 .debug_loc     0x0001744b      0x331 CMakeFiles/Firmware.elf.dir/Middlewares/Third_Party/FreeRTOS/Source/portable/MemMang/heap_4.c.obj
 .debug_loc     0x0001777c     0x19de CMakeFiles/Firmware.elf.dir/Middlewares/Third_Party/FreeRTOS/Source/queue.c.obj
 .debug_loc     0x0001915a     0x24bc CMakeFiles/Firmware.elf.dir/Middlewares/Third_Party/FreeRTOS/Source/tasks.c.obj
 .debug_loc     0x0001b616      0xf8e CMakeFiles/Firmware.elf.dir/Middlewares/Third_Party/FreeRTOS/Source/timers.c.obj

.debug_aranges  0x00000000     0x16d8
 .debug_aranges
                0x00000000       0x40 CMakeFiles/Firmware.elf.dir/APP/Driver.c.obj
 .debug_aranges
                0x00000040       0x20 CMakeFiles/Firmware.elf.dir/APP/GUI.c.obj
 .debug_aranges
                0x00000060       0x38 CMakeFiles/Firmware.elf.dir/Core/Src/freertos.c.obj
 .debug_aranges
                0x00000098       0x20 CMakeFiles/Firmware.elf.dir/Core/Src/gpio.c.obj
 .debug_aranges
                0x000000b8       0x30 CMakeFiles/Firmware.elf.dir/Core/Src/i2c.c.obj
 .debug_aranges
                0x000000e8       0x30 CMakeFiles/Firmware.elf.dir/Core/Src/main.c.obj
 .debug_aranges
                0x00000118       0x20 CMakeFiles/Firmware.elf.dir/Core/Src/stm32f1xx_hal_msp.c.obj
 .debug_aranges
                0x00000138       0x58 CMakeFiles/Firmware.elf.dir/Core/Src/stm32f1xx_it.c.obj
 .debug_aranges
                0x00000190       0x28 CMakeFiles/Firmware.elf.dir/Core/Src/system_stm32f1xx.c.obj
 .debug_aranges
                0x000001b8       0x38 CMakeFiles/Firmware.elf.dir/Core/Src/tim.c.obj
 .debug_aranges
                0x000001f0       0x38 CMakeFiles/Firmware.elf.dir/Core/Src/usart.c.obj
 .debug_aranges
                0x00000228       0x28 CMakeFiles/Firmware.elf.dir/Display/font.c.obj
 .debug_aranges
                0x00000250       0xc0 CMakeFiles/Firmware.elf.dir/Display/oled.c.obj
 .debug_aranges
                0x00000310       0xe0 CMakeFiles/Firmware.elf.dir/Drivers/STM32F1xx_HAL_Driver/Src/stm32f1xx_hal.c.obj
 .debug_aranges
                0x000003f0       0x90 CMakeFiles/Firmware.elf.dir/Drivers/STM32F1xx_HAL_Driver/Src/stm32f1xx_hal_cortex.c.obj
 .debug_aranges
                0x00000480       0x58 CMakeFiles/Firmware.elf.dir/Drivers/STM32F1xx_HAL_Driver/Src/stm32f1xx_hal_gpio.c.obj
 .debug_aranges
                0x000004d8      0x2a8 CMakeFiles/Firmware.elf.dir/Drivers/STM32F1xx_HAL_Driver/Src/stm32f1xx_hal_i2c.c.obj
 .debug_aranges
                0x00000780       0x90 CMakeFiles/Firmware.elf.dir/Drivers/STM32F1xx_HAL_Driver/Src/stm32f1xx_hal_rcc.c.obj
 .debug_aranges
                0x00000810      0x3d0 CMakeFiles/Firmware.elf.dir/Drivers/STM32F1xx_HAL_Driver/Src/stm32f1xx_hal_tim.c.obj
 .debug_aranges
                0x00000be0      0x168 CMakeFiles/Firmware.elf.dir/Drivers/STM32F1xx_HAL_Driver/Src/stm32f1xx_hal_tim_ex.c.obj
 .debug_aranges
                0x00000d48      0x208 CMakeFiles/Firmware.elf.dir/Drivers/STM32F1xx_HAL_Driver/Src/stm32f1xx_hal_uart.c.obj
 .debug_aranges
                0x00000f50      0x228 CMakeFiles/Firmware.elf.dir/Middlewares/Third_Party/FreeRTOS/Source/CMSIS_RTOS_V2/cmsis_os2.c.obj
 .debug_aranges
                0x00001178       0x40 CMakeFiles/Firmware.elf.dir/Middlewares/Third_Party/FreeRTOS/Source/list.c.obj
 .debug_aranges
                0x000011b8       0x78 CMakeFiles/Firmware.elf.dir/Middlewares/Third_Party/FreeRTOS/Source/portable/GCC/ARM_CM3/port.c.obj
 .debug_aranges
                0x00001230       0x50 CMakeFiles/Firmware.elf.dir/Middlewares/Third_Party/FreeRTOS/Source/portable/MemMang/heap_4.c.obj
 .debug_aranges
                0x00001280      0x158 CMakeFiles/Firmware.elf.dir/Middlewares/Third_Party/FreeRTOS/Source/queue.c.obj
 .debug_aranges
                0x000013d8      0x1f8 CMakeFiles/Firmware.elf.dir/Middlewares/Third_Party/FreeRTOS/Source/tasks.c.obj
 .debug_aranges
                0x000015d0       0xe0 CMakeFiles/Firmware.elf.dir/Middlewares/Third_Party/FreeRTOS/Source/timers.c.obj
 .debug_aranges
                0x000016b0       0x28 CMakeFiles/Firmware.elf.dir/startup/startup_stm32f103xb.s.obj

.debug_ranges   0x00000000     0x17e0
 .debug_ranges  0x00000000       0x30 CMakeFiles/Firmware.elf.dir/APP/Driver.c.obj
 .debug_ranges  0x00000030       0x10 CMakeFiles/Firmware.elf.dir/APP/GUI.c.obj
 .debug_ranges  0x00000040       0x28 CMakeFiles/Firmware.elf.dir/Core/Src/freertos.c.obj
 .debug_ranges  0x00000068       0x10 CMakeFiles/Firmware.elf.dir/Core/Src/gpio.c.obj
 .debug_ranges  0x00000078       0x20 CMakeFiles/Firmware.elf.dir/Core/Src/i2c.c.obj
 .debug_ranges  0x00000098       0x20 CMakeFiles/Firmware.elf.dir/Core/Src/main.c.obj
 .debug_ranges  0x000000b8       0x10 CMakeFiles/Firmware.elf.dir/Core/Src/stm32f1xx_hal_msp.c.obj
 .debug_ranges  0x000000c8       0x48 CMakeFiles/Firmware.elf.dir/Core/Src/stm32f1xx_it.c.obj
 .debug_ranges  0x00000110       0x18 CMakeFiles/Firmware.elf.dir/Core/Src/system_stm32f1xx.c.obj
 .debug_ranges  0x00000128       0x28 CMakeFiles/Firmware.elf.dir/Core/Src/tim.c.obj
 .debug_ranges  0x00000150       0x28 CMakeFiles/Firmware.elf.dir/Core/Src/usart.c.obj
 .debug_ranges  0x00000178       0x18 CMakeFiles/Firmware.elf.dir/Display/font.c.obj
 .debug_ranges  0x00000190       0xc8 CMakeFiles/Firmware.elf.dir/Display/oled.c.obj
 .debug_ranges  0x00000258       0xd0 CMakeFiles/Firmware.elf.dir/Drivers/STM32F1xx_HAL_Driver/Src/stm32f1xx_hal.c.obj
 .debug_ranges  0x00000328       0xe0 CMakeFiles/Firmware.elf.dir/Drivers/STM32F1xx_HAL_Driver/Src/stm32f1xx_hal_cortex.c.obj
 .debug_ranges  0x00000408       0x48 CMakeFiles/Firmware.elf.dir/Drivers/STM32F1xx_HAL_Driver/Src/stm32f1xx_hal_gpio.c.obj
 .debug_ranges  0x00000450      0x2b0 CMakeFiles/Firmware.elf.dir/Drivers/STM32F1xx_HAL_Driver/Src/stm32f1xx_hal_i2c.c.obj
 .debug_ranges  0x00000700       0xa0 CMakeFiles/Firmware.elf.dir/Drivers/STM32F1xx_HAL_Driver/Src/stm32f1xx_hal_rcc.c.obj
 .debug_ranges  0x000007a0      0x3c0 CMakeFiles/Firmware.elf.dir/Drivers/STM32F1xx_HAL_Driver/Src/stm32f1xx_hal_tim.c.obj
 .debug_ranges  0x00000b60      0x158 CMakeFiles/Firmware.elf.dir/Drivers/STM32F1xx_HAL_Driver/Src/stm32f1xx_hal_tim_ex.c.obj
 .debug_ranges  0x00000cb8      0x210 CMakeFiles/Firmware.elf.dir/Drivers/STM32F1xx_HAL_Driver/Src/stm32f1xx_hal_uart.c.obj
 .debug_ranges  0x00000ec8      0x218 CMakeFiles/Firmware.elf.dir/Middlewares/Third_Party/FreeRTOS/Source/CMSIS_RTOS_V2/cmsis_os2.c.obj
 .debug_ranges  0x000010e0       0x30 CMakeFiles/Firmware.elf.dir/Middlewares/Third_Party/FreeRTOS/Source/list.c.obj
 .debug_ranges  0x00001110       0x68 CMakeFiles/Firmware.elf.dir/Middlewares/Third_Party/FreeRTOS/Source/portable/GCC/ARM_CM3/port.c.obj
 .debug_ranges  0x00001178       0x40 CMakeFiles/Firmware.elf.dir/Middlewares/Third_Party/FreeRTOS/Source/portable/MemMang/heap_4.c.obj
 .debug_ranges  0x000011b8      0x218 CMakeFiles/Firmware.elf.dir/Middlewares/Third_Party/FreeRTOS/Source/queue.c.obj
 .debug_ranges  0x000013d0      0x320 CMakeFiles/Firmware.elf.dir/Middlewares/Third_Party/FreeRTOS/Source/tasks.c.obj
 .debug_ranges  0x000016f0       0xd0 CMakeFiles/Firmware.elf.dir/Middlewares/Third_Party/FreeRTOS/Source/timers.c.obj
 .debug_ranges  0x000017c0       0x20 CMakeFiles/Firmware.elf.dir/startup/startup_stm32f103xb.s.obj

.debug_line     0x00000000    0x1eb94
 .debug_line    0x00000000      0x31c CMakeFiles/Firmware.elf.dir/APP/Driver.c.obj
 .debug_line    0x0000031c       0xae CMakeFiles/Firmware.elf.dir/APP/GUI.c.obj
 .debug_line    0x000003ca      0x3f2 CMakeFiles/Firmware.elf.dir/Core/Src/freertos.c.obj
 .debug_line    0x000007bc      0x268 CMakeFiles/Firmware.elf.dir/Core/Src/gpio.c.obj
 .debug_line    0x00000a24      0x383 CMakeFiles/Firmware.elf.dir/Core/Src/i2c.c.obj
 .debug_line    0x00000da7      0x405 CMakeFiles/Firmware.elf.dir/Core/Src/main.c.obj
 .debug_line    0x000011ac      0x235 CMakeFiles/Firmware.elf.dir/Core/Src/stm32f1xx_hal_msp.c.obj
 .debug_line    0x000013e1      0x47f CMakeFiles/Firmware.elf.dir/Core/Src/stm32f1xx_it.c.obj
 .debug_line    0x00001860      0x296 CMakeFiles/Firmware.elf.dir/Core/Src/system_stm32f1xx.c.obj
 .debug_line    0x00001af6      0x44c CMakeFiles/Firmware.elf.dir/Core/Src/tim.c.obj
 .debug_line    0x00001f42      0x466 CMakeFiles/Firmware.elf.dir/Core/Src/usart.c.obj
 .debug_line    0x000023a8      0x1dc CMakeFiles/Firmware.elf.dir/Display/font.c.obj
 .debug_line    0x00002584      0x9bf CMakeFiles/Firmware.elf.dir/Display/oled.c.obj
 .debug_line    0x00002f43      0x5d8 CMakeFiles/Firmware.elf.dir/Drivers/STM32F1xx_HAL_Driver/Src/stm32f1xx_hal.c.obj
 .debug_line    0x0000351b      0x6b6 CMakeFiles/Firmware.elf.dir/Drivers/STM32F1xx_HAL_Driver/Src/stm32f1xx_hal_cortex.c.obj
 .debug_line    0x00003bd1      0x65e CMakeFiles/Firmware.elf.dir/Drivers/STM32F1xx_HAL_Driver/Src/stm32f1xx_hal_gpio.c.obj
 .debug_line    0x0000422f     0x569a CMakeFiles/Firmware.elf.dir/Drivers/STM32F1xx_HAL_Driver/Src/stm32f1xx_hal_i2c.c.obj
 .debug_line    0x000098c9      0xc9f CMakeFiles/Firmware.elf.dir/Drivers/STM32F1xx_HAL_Driver/Src/stm32f1xx_hal_rcc.c.obj
 .debug_line    0x0000a568     0x49f6 CMakeFiles/Firmware.elf.dir/Drivers/STM32F1xx_HAL_Driver/Src/stm32f1xx_hal_tim.c.obj
 .debug_line    0x0000ef5e     0x1c6b CMakeFiles/Firmware.elf.dir/Drivers/STM32F1xx_HAL_Driver/Src/stm32f1xx_hal_tim_ex.c.obj
 .debug_line    0x00010bc9     0x444d CMakeFiles/Firmware.elf.dir/Drivers/STM32F1xx_HAL_Driver/Src/stm32f1xx_hal_uart.c.obj
 .debug_line    0x00015016     0x2dc8 CMakeFiles/Firmware.elf.dir/Middlewares/Third_Party/FreeRTOS/Source/CMSIS_RTOS_V2/cmsis_os2.c.obj
 .debug_line    0x00017dde      0x3f1 CMakeFiles/Firmware.elf.dir/Middlewares/Third_Party/FreeRTOS/Source/list.c.obj
 .debug_line    0x000181cf      0x6a2 CMakeFiles/Firmware.elf.dir/Middlewares/Third_Party/FreeRTOS/Source/portable/GCC/ARM_CM3/port.c.obj
 .debug_line    0x00018871      0x6f6 CMakeFiles/Firmware.elf.dir/Middlewares/Third_Party/FreeRTOS/Source/portable/MemMang/heap_4.c.obj
 .debug_line    0x00018f67     0x209a CMakeFiles/Firmware.elf.dir/Middlewares/Third_Party/FreeRTOS/Source/queue.c.obj
 .debug_line    0x0001b001     0x2c7c CMakeFiles/Firmware.elf.dir/Middlewares/Third_Party/FreeRTOS/Source/tasks.c.obj
 .debug_line    0x0001dc7d      0xe6e CMakeFiles/Firmware.elf.dir/Middlewares/Third_Party/FreeRTOS/Source/timers.c.obj
 .debug_line    0x0001eaeb       0xa9 CMakeFiles/Firmware.elf.dir/startup/startup_stm32f103xb.s.obj

.debug_str      0x00000000     0x7817
 .debug_str     0x00000000      0x6c0 CMakeFiles/Firmware.elf.dir/APP/Driver.c.obj
                                0x782 (size before relaxing)
 .debug_str     0x000006c0       0x71 CMakeFiles/Firmware.elf.dir/APP/GUI.c.obj
                                0x209 (size before relaxing)
 .debug_str     0x00000731      0x581 CMakeFiles/Firmware.elf.dir/Core/Src/freertos.c.obj
                                0xc5b (size before relaxing)
 .debug_str     0x00000cb2       0xc4 CMakeFiles/Firmware.elf.dir/Core/Src/gpio.c.obj
                                0x2cf (size before relaxing)
 .debug_str     0x00000d76      0x336 CMakeFiles/Firmware.elf.dir/Core/Src/i2c.c.obj
                                0x786 (size before relaxing)
 .debug_str     0x000010ac      0x209 CMakeFiles/Firmware.elf.dir/Core/Src/main.c.obj
                                0x41b (size before relaxing)
 .debug_str     0x000012b5      0x36e CMakeFiles/Firmware.elf.dir/Core/Src/stm32f1xx_hal_msp.c.obj
                                0x55b (size before relaxing)
 .debug_str     0x00001623      0x114 CMakeFiles/Firmware.elf.dir/Core/Src/stm32f1xx_it.c.obj
                                0x785 (size before relaxing)
 .debug_str     0x00001737       0xa8 CMakeFiles/Firmware.elf.dir/Core/Src/system_stm32f1xx.c.obj
                                0x2a6 (size before relaxing)
 .debug_str     0x000017df      0x23b CMakeFiles/Firmware.elf.dir/Core/Src/tim.c.obj
                                0xc7e (size before relaxing)
 .debug_str     0x00001a1a      0x259 CMakeFiles/Firmware.elf.dir/Core/Src/usart.c.obj
                                0x72d (size before relaxing)
 .debug_str     0x00001c73       0x7e CMakeFiles/Firmware.elf.dir/Display/font.c.obj
                                0x25d (size before relaxing)
 .debug_str     0x00001cf1      0x2d5 CMakeFiles/Firmware.elf.dir/Display/oled.c.obj
                                0x99c (size before relaxing)
 .debug_str     0x00001fc6      0x32e CMakeFiles/Firmware.elf.dir/Drivers/STM32F1xx_HAL_Driver/Src/stm32f1xx_hal.c.obj
                                0x876 (size before relaxing)
 .debug_str     0x000022f4      0x3b5 CMakeFiles/Firmware.elf.dir/Drivers/STM32F1xx_HAL_Driver/Src/stm32f1xx_hal_cortex.c.obj
                                0x925 (size before relaxing)
 .debug_str     0x000026a9      0x144 CMakeFiles/Firmware.elf.dir/Drivers/STM32F1xx_HAL_Driver/Src/stm32f1xx_hal_gpio.c.obj
                                0x452 (size before relaxing)
 .debug_str     0x000027ed      0x907 CMakeFiles/Firmware.elf.dir/Drivers/STM32F1xx_HAL_Driver/Src/stm32f1xx_hal_i2c.c.obj
                               0x1017 (size before relaxing)
 .debug_str     0x000030f4      0x1fe CMakeFiles/Firmware.elf.dir/Drivers/STM32F1xx_HAL_Driver/Src/stm32f1xx_hal_rcc.c.obj
                                0x67d (size before relaxing)
 .debug_str     0x000032f2      0xd91 CMakeFiles/Firmware.elf.dir/Drivers/STM32F1xx_HAL_Driver/Src/stm32f1xx_hal_tim.c.obj
                               0x1691 (size before relaxing)
 .debug_str     0x00004083      0x54e CMakeFiles/Firmware.elf.dir/Drivers/STM32F1xx_HAL_Driver/Src/stm32f1xx_hal_tim_ex.c.obj
                                0xe92 (size before relaxing)
 .debug_str     0x000045d1      0x657 CMakeFiles/Firmware.elf.dir/Drivers/STM32F1xx_HAL_Driver/Src/stm32f1xx_hal_uart.c.obj
                                0xd46 (size before relaxing)
 .debug_str     0x00004c28     0x1209 CMakeFiles/Firmware.elf.dir/Middlewares/Third_Party/FreeRTOS/Source/CMSIS_RTOS_V2/cmsis_os2.c.obj
                               0x193d (size before relaxing)
 .debug_str     0x00005e31      0x163 CMakeFiles/Firmware.elf.dir/Middlewares/Third_Party/FreeRTOS/Source/list.c.obj
                                0x347 (size before relaxing)
 .debug_str     0x00005f94      0x25a CMakeFiles/Firmware.elf.dir/Middlewares/Third_Party/FreeRTOS/Source/portable/GCC/ARM_CM3/port.c.obj
                                0x4b7 (size before relaxing)
 .debug_str     0x000061ee      0x20b CMakeFiles/Firmware.elf.dir/Middlewares/Third_Party/FreeRTOS/Source/portable/MemMang/heap_4.c.obj
                                0x430 (size before relaxing)
 .debug_str     0x000063f9      0x605 CMakeFiles/Firmware.elf.dir/Middlewares/Third_Party/FreeRTOS/Source/queue.c.obj
                                0xcc5 (size before relaxing)
 .debug_str     0x000069fe      0x8b8 CMakeFiles/Firmware.elf.dir/Middlewares/Third_Party/FreeRTOS/Source/tasks.c.obj
                               0x12c1 (size before relaxing)
 .debug_str     0x000072b6      0x508 CMakeFiles/Firmware.elf.dir/Middlewares/Third_Party/FreeRTOS/Source/timers.c.obj
                                0xc38 (size before relaxing)
 .debug_str     0x000077be       0x59 CMakeFiles/Firmware.elf.dir/startup/startup_stm32f103xb.s.obj
                                 0x98 (size before relaxing)

.comment        0x00000000       0x49
 .comment       0x00000000       0x49 CMakeFiles/Firmware.elf.dir/APP/Driver.c.obj
                                 0x4a (size before relaxing)
 .comment       0x00000049       0x4a CMakeFiles/Firmware.elf.dir/APP/GUI.c.obj
 .comment       0x00000049       0x4a CMakeFiles/Firmware.elf.dir/Core/Src/freertos.c.obj
 .comment       0x00000049       0x4a CMakeFiles/Firmware.elf.dir/Core/Src/gpio.c.obj
 .comment       0x00000049       0x4a CMakeFiles/Firmware.elf.dir/Core/Src/i2c.c.obj
 .comment       0x00000049       0x4a CMakeFiles/Firmware.elf.dir/Core/Src/main.c.obj
 .comment       0x00000049       0x4a CMakeFiles/Firmware.elf.dir/Core/Src/stm32f1xx_hal_msp.c.obj
 .comment       0x00000049       0x4a CMakeFiles/Firmware.elf.dir/Core/Src/stm32f1xx_it.c.obj
 .comment       0x00000049       0x4a CMakeFiles/Firmware.elf.dir/Core/Src/system_stm32f1xx.c.obj
 .comment       0x00000049       0x4a CMakeFiles/Firmware.elf.dir/Core/Src/tim.c.obj
 .comment       0x00000049       0x4a CMakeFiles/Firmware.elf.dir/Core/Src/usart.c.obj
 .comment       0x00000049       0x4a CMakeFiles/Firmware.elf.dir/Display/font.c.obj
 .comment       0x00000049       0x4a CMakeFiles/Firmware.elf.dir/Display/oled.c.obj
 .comment       0x00000049       0x4a CMakeFiles/Firmware.elf.dir/Drivers/STM32F1xx_HAL_Driver/Src/stm32f1xx_hal.c.obj
 .comment       0x00000049       0x4a CMakeFiles/Firmware.elf.dir/Drivers/STM32F1xx_HAL_Driver/Src/stm32f1xx_hal_cortex.c.obj
 .comment       0x00000049       0x4a CMakeFiles/Firmware.elf.dir/Drivers/STM32F1xx_HAL_Driver/Src/stm32f1xx_hal_gpio.c.obj
 .comment       0x00000049       0x4a CMakeFiles/Firmware.elf.dir/Drivers/STM32F1xx_HAL_Driver/Src/stm32f1xx_hal_i2c.c.obj
 .comment       0x00000049       0x4a CMakeFiles/Firmware.elf.dir/Drivers/STM32F1xx_HAL_Driver/Src/stm32f1xx_hal_rcc.c.obj
 .comment       0x00000049       0x4a CMakeFiles/Firmware.elf.dir/Drivers/STM32F1xx_HAL_Driver/Src/stm32f1xx_hal_tim.c.obj
 .comment       0x00000049       0x4a CMakeFiles/Firmware.elf.dir/Drivers/STM32F1xx_HAL_Driver/Src/stm32f1xx_hal_tim_ex.c.obj
 .comment       0x00000049       0x4a CMakeFiles/Firmware.elf.dir/Drivers/STM32F1xx_HAL_Driver/Src/stm32f1xx_hal_uart.c.obj
 .comment       0x00000049       0x4a CMakeFiles/Firmware.elf.dir/Middlewares/Third_Party/FreeRTOS/Source/CMSIS_RTOS_V2/cmsis_os2.c.obj
 .comment       0x00000049       0x4a CMakeFiles/Firmware.elf.dir/Middlewares/Third_Party/FreeRTOS/Source/list.c.obj
 .comment       0x00000049       0x4a CMakeFiles/Firmware.elf.dir/Middlewares/Third_Party/FreeRTOS/Source/portable/GCC/ARM_CM3/port.c.obj
 .comment       0x00000049       0x4a CMakeFiles/Firmware.elf.dir/Middlewares/Third_Party/FreeRTOS/Source/portable/MemMang/heap_4.c.obj
 .comment       0x00000049       0x4a CMakeFiles/Firmware.elf.dir/Middlewares/Third_Party/FreeRTOS/Source/queue.c.obj
 .comment       0x00000049       0x4a CMakeFiles/Firmware.elf.dir/Middlewares/Third_Party/FreeRTOS/Source/tasks.c.obj
 .comment       0x00000049       0x4a CMakeFiles/Firmware.elf.dir/Middlewares/Third_Party/FreeRTOS/Source/timers.c.obj

.debug_frame    0x00000000     0x4394
 .debug_frame   0x00000000       0x88 CMakeFiles/Firmware.elf.dir/APP/Driver.c.obj
 .debug_frame   0x00000088       0x2c CMakeFiles/Firmware.elf.dir/APP/GUI.c.obj